******************************************************************************
               TMS320C6x Linker Unix v6.1.17                   
******************************************************************************
>> Linked Fri Jun  5 17:56:36 2015

OUTPUT FILE NAME:   <Release/pool_notify.out>
ENTRY POINT SYMBOL: "_c_int00"  address: 87e30100


MEMORY CONFIGURATION

         name            origin    length      used     unused   attr    fill
----------------------  --------  ---------  --------  --------  ----  --------
  IRAM                  107f8000   00010000  00000000  00010000  RWIX
  CACHE_L2              10808000   00008000  00000000  00008000  RWIX
  CACHE_L1P             10e04000   00004000  00000000  00004000  RWIX
  L1DSRAM               10f04000   00004000  00000000  00004000  RWIX
  CACHE_L1D             10f10000   00008000  00000000  00008000  RWIX
  RESET_VECTOR          87e00000   00000080  00000000  00000080  RWIX
  DDR2                  87e00080   000fff80  000319b9  000ce5c7  RWIX
  DSPLINKMEM            87f00000   00030000  00000000  00030000  RWIX
  POOLMEM               87f30000   000d0000  00000000  000d0000  RWIX


SECTION ALLOCATION MAP

 output                                  attributes/
section   page    origin      length       input sections
--------  ----  ----------  ----------   ----------------
.vers      0    00000000    00000040     COPY SECTION
                  00000000    00000040     pool_notifycfg.obj (.vers)

.pinit     0    87e00080    00000000     UNINITIALIZED

.prd       0    87e00080    00000000     UNINITIALIZED

.data      0    87e00080    00000000     UNINITIALIZED

.hst       0    87e00080    00000000     UNINITIALIZED

.pip       0    87e00080    00000000     UNINITIALIZED

.DDR2$heap 
*          0    87e00080    00020000     UNINITIALIZED
                  87e00080    00020000     --HOLE--

.text      0    87e20080    00009a40     
                  87e20080    00003060     dsplinkringio.lib : _ringio.obj (.text)
                  87e230e0    00001400     dsp_fixed.obj (.text)
                  87e244e0    00000e60     dsplinkmpcs.lib : mpcs.obj (.text)
                  87e25340    00000d40     dsplink.lib : ips.obj (.text)
                  87e26080    000005a0                 : dsplink.obj (.text)
                  87e26620    00000540     dsplinkpool.lib : sma_pool.obj (.text)
                  87e26b60    00000500     rts64plus.lib : divf.obj (.text:__divf)
                  87e27060    00000460     dsplinkmpcs.lib : _mpcs.obj (.text)
                  87e274c0    00000380     task.obj (.text)
                  87e27840    00000260     rts64plus.lib : imath64.obj (.text:__divull)
                  87e27aa0    00000240                   : addd.obj (.text:__addd)
                  87e27ce0    00000220                   : frcaddd.obj (.text:__frcaddd)
                  87e27f00    00000200                   : mpyf.obj (.text:__mpyf)
                  87e28100    00000200     dsplinkmplist.lib : _mplist.obj (.text)
                  87e28300    000001c0     dsplink.lib : hal_interrupt.obj (.text:DSPLINK_init)
                  87e284c0    00000160     rts64plus.lib : imath64.obj (.text:__divlli)
                  87e28620    00000120     dsplinknotify.lib : notify.obj (.text)
                  87e28740    00000100     dsp_main.obj (.text)
                  87e28840    00000100     dsplink.lib : hal_interrupt.obj (.text)
                  87e28940    000000e0                 : shm_drv.obj (.text:DSPLINK_init)
                  87e28a20    000000e0     rts64plus.lib : cmpd.obj (.text:__cmpd)
                  87e28b00    000000e0                   : atoi.obj (.text:_atoi)
                  87e28be0    000000e0                   : exit.obj (.text:_exit)
                  87e28cc0    000000e0                   : memset.obj (.text:_memset)
                  87e28da0    000000c0     dsplink.lib : dsplink.obj (.text:DSPLINK_init)
                  87e28e60    000000c0     rts64plus.lib : divu.obj (.text:__divu)
                  87e28f20    000000c0                   : modf.obj (.text:_modf)
                  87e28fe0    000000c0     bios.a64P : tsk_stup.o64P (.text)
                  87e290a0    000000c0     dsplinknotify.lib : _notify.obj (.text)
                  87e29160    000000a0     dsplink.lib : dsplinkips.obj (.text:DSPLINK_init)
                  87e29200    000000a0     dsplinkpool.lib : dsplinkpool.obj (.text:DSPLINK_init)
                  87e292a0    000000a0     rts64plus.lib : frcmpyf_div.obj (.text:__frcmpyf_div)
                  87e29340    000000a0                   : remu.obj (.text:__remu)
                  87e293e0    000000a0                   : memcpy64.obj (.text:_memcpy)
                  87e29480    00000080                   : cmpf.obj (.text:__cmpf)
                  87e29500    00000080                   : fixdi.obj (.text:__fixdi)
                  87e29580    00000080                   : fixfu.obj (.text:__fixfu)
                  87e29600    00000080                   : llshift.obj (.text:__llshl)
                  87e29680    00000080                   : renormd.obj (.text:__renormd)
                  87e29700    00000060                   : cvtfd.obj (.text:__cvtfd)
                  87e29760    00000060                   : frcmpyf.obj (.text:__frcmpyf)
                  87e297c0    00000060                   : llshift.obj (.text:__llshru)
                  87e29820    00000060                   : imath64.obj (.text:__subcull)
                  87e29880    00000040     dsplinkdata.lib : dsplinkdata.obj (.text:DSPLINK_init)
                  87e298c0    00000040     dsplinkmsg.lib : dsplinkmqt.obj (.text:DSPLINK_init)
                  87e29900    00000040     rts64plus.lib : fltuf.obj (.text:__fltuf)
                  87e29940    00000040                   : subd.obj (.text:__subd)
                  87e29980    00000040                   : abs.obj (.text:_llabs)
                  87e299c0    00000040     dsplink.lib : hal.obj (.text)
                  87e29a00    00000020     rts64plus.lib : divf.obj (.text:___isnanf)
                  87e29a20    00000020                   : negll.obj (.text:__negll)
                  87e29a40    00000020                   : _lock.obj (.text:__nop)
                  87e29a60    00000020                   : _lock.obj (.text:__register_lock)
                  87e29a80    00000020                   : _lock.obj (.text:__register_unlock)
                  87e29aa0    00000020                   : exit.obj (.text:_abort)

.bios      0    87e29ac0    00004660     
                  87e29ac0    00000520     bios.a64P : exc.o64P (.bios)
                  87e29fe0    000004e0               : hwi_disp_asm.o64P (.bios)
                  87e2a4c0    000004c0               : swi.o64P (.bios)
                  87e2a980    00000380               : prd.o64P (.bios)
                  87e2ad00    00000340               : tsk_crea.o64P (.bios)
                  87e2b040    000002a0               : malloc.o64P (.bios)
                  87e2b2e0    00000240               : knl_run.o64P (.bios)
                  87e2b520    00000200               : sem_pend.o64P (.bios)
                  87e2b720    00000200     bios3430.a64P : clk2430.o64P (.bios)
                  87e2b920    000001e0     bios.a64P : mem_allo.o64P (.bios:.near)
                  87e2bb00    000001e0               : c62_plug.o64P (.bios)
                  87e2bce0    000001e0               : exc_asm.o64P (.bios)
                  87e2bec0    000001e0               : knl_tick.o64P (.bios)
                  87e2c0a0    000001c0               : mem_free.o64P (.bios:.near)
                  87e2c260    000001c0               : sem_dopo.o64P (.bios)
                  87e2c420    000001c0     bios3430.a64P : clk.o64P (.bios)
                  87e2c5e0    000001a0     bios.a64P : tsk_setu.o64P (.bios)
                  87e2c780    00000180               : knl_swit.o64P (.bios)
                  87e2c900    00000140               : autoinit.o64P (.bios)
                  87e2ca40    00000140               : knl_read.o64P (.bios)
                  87e2cb80    00000140               : tsk_exit.o64P (.bios)
                  87e2ccc0    00000140     bios3430.a64P : bcache_init.o64P (.bios)
                  87e2ce00    00000140                   : clk2430_reconfig.o64P (.bios)
                  87e2cf40    00000120     bios.a64P : gbl_cacheinit64P.o64P (.bios)
                  87e2d060    00000120               : knl_chec.o64P (.bios)
                  87e2d180    00000120               : tsk_stup.o64P (.bios)
                  87e2d2a0    00000100     bios3430.a64P : bcache_block.o64P (.bios)
                  87e2d3a0    000000e0     bios.a64P : sem_post_asm.o64P (.bios)
                  87e2d480    000000c0               : knl_exit.o64P (.bios)
                  87e2d540    000000a0               : knl_star.o64P (.bios)
                  87e2d5e0    000000a0               : sem_post.o64P (.bios)
                  87e2d680    000000a0               : sys_exit.o64P (.bios)
                  87e2d720    00000080               : hwi_disp.o64P (.bios)
                  87e2d7a0    00000080               : hwi_eventmap64P.o64P (.bios)
                  87e2d820    00000080               : knl_ipos.o64P (.bios)
                  87e2d8a0    00000080               : knl_post.o64P (.bios)
                  87e2d920    00000080               : lck.o64P (.bios)
                  87e2d9a0    00000080               : log.o64P (.bios)
                  87e2da20    00000080               : obj_crea.o64P (.bios)
                  87e2daa0    00000080     bios3430.a64P : bcache_all.o64P (.bios)
                  87e2db20    00000080                   : bcache_wait.o64P (.bios)
                  87e2dba0    00000060     bios.a64P : mem_vall.o64P (.bios:.near)
                  87e2dc00    00000060               : sys_erro.o64P (.bios:.near)
                  87e2dc60    00000060               : fxn.o64P (.bios)
                  87e2dcc0    00000060               : hwi_c.o64P (.bios)
                  87e2dd20    00000060               : obj_dele.o64P (.bios)
                  87e2dd80    00000060               : sem_pend_counting.o64P (.bios)
                  87e2dde0    00000060               : sts.o64P (.bios)
                  87e2de40    00000060               : swi_disable.o64P (.bios)
                  87e2dea0    00000060               : sys_abor.o64P (.bios)
                  87e2df00    00000060               : utl_putc.o64P (.bios)
                  87e2df60    00000040               : c62_c.o64P (.bios)
                  87e2dfa0    00000040               : que_get.o64P (.bios)
                  87e2dfe0    00000040               : utl_doab.o64P (.bios)
                  87e2e020    00000020               : fxn_c.o64P (.bios)
                  87e2e040    00000020               : gbl_vers.o64P (.bios)
                  87e2e060    00000020               : hook_setenv.o64P (.bios)
                  87e2e080    00000020               : idl.o64P (.bios)
                  87e2e0a0    00000020               : sts_set.o64P (.bios)
                  87e2e0c0    00000020               : utl_doer.o64P (.bios)
                  87e2e0e0    00000020               : utl_halt.o64P (.bios)
                  87e2e100    00000020     bios3430.a64P : clk2430_gethtime.o64P (.bios)

.stack     0    87e2e120    00001000     UNINITIALIZED
                  87e2e120    00001000     --HOLE--

.cinit     0    87e2f120    00000bd4     
                  87e2f120    0000030c     pool_notifycfg.obj (.cinit)
                  87e2f42c    00000004     --HOLE-- [fill = 0]
                  87e2f430    0000026c     bios.a64P : biosdata.o64P (.cinit)
                  87e2f69c    00000004     --HOLE-- [fill = 0]
                  87e2f6a0    000001a4               : knl.o64P (.cinit)
                  87e2f844    00000004     --HOLE-- [fill = 0]
                  87e2f848    000000b0               : swi.o64P (.cinit)
                  87e2f8f8    00000070               : tsk.o64P (.cinit)
                  87e2f968    00000060               : tsk_stup.o64P (.cinit)
                  87e2f9c8    0000003c               : exc.o64P (.cinit)
                  87e2fa04    00000004     --HOLE-- [fill = 0]
                  87e2fa08    00000036     pool_notify_config.obj (.cinit)
                  87e2fa3e    00000002     --HOLE-- [fill = 0]
                  87e2fa40    00000034     bios.a64P : hwi.o64P (.cinit)
                  87e2fa74    00000004     --HOLE-- [fill = 0]
                  87e2fa78    0000002c               : utl_putc.o64P (.cinit)
                  87e2faa4    00000004     --HOLE-- [fill = 0]
                  87e2faa8    0000002c     rts64plus.lib : exit.obj (.cinit)
                  87e2fad4    00000004     --HOLE-- [fill = 0]
                  87e2fad8    00000028     dsplink.lib : ips.obj (.cinit)
                  87e2fb00    00000024     bios.a64P : obj_init.o64P (.cinit)
                  87e2fb24    00000004     --HOLE-- [fill = 0]
                  87e2fb28    0000001c               : exc_asm.o64P (.cinit)
                  87e2fb44    00000004     --HOLE-- [fill = 0]
                  87e2fb48    0000001c               : sys.o64P (.cinit)
                  87e2fb64    00000004     --HOLE-- [fill = 0]
                  87e2fb68    0000001c     dsplinkmpcs.lib : _mpcs.obj (.cinit)
                  87e2fb84    00000004     --HOLE-- [fill = 0]
                  87e2fb88    0000001c     dsplinkmplist.lib : _mplist.obj (.cinit)
                  87e2fba4    00000004     --HOLE-- [fill = 0]
                  87e2fba8    0000001c     dsplinknotify.lib : _notify.obj (.cinit)
                  87e2fbc4    00000004     --HOLE-- [fill = 0]
                  87e2fbc8    0000001c     dsplinkringio.lib : ringio.obj (.cinit)
                  87e2fbe4    00000004     --HOLE-- [fill = 0]
                  87e2fbe8    0000001c     rts64plus.lib : _lock.obj (.cinit)
                  87e2fc04    00000004     --HOLE-- [fill = 0]
                  87e2fc08    00000018     bios.a64P : knl_tick.o64P (.cinit)
                  87e2fc20    00000014               : hwi_disp.o64P (.cinit)
                  87e2fc34    00000004     --HOLE-- [fill = 0]
                  87e2fc38    00000014     bios3430.a64P : bcache_table.o64P (.cinit)
                  87e2fc4c    00000004     --HOLE-- [fill = 0]
                  87e2fc50    00000010     rts64plus.lib : divf.obj (.cinit)
                  87e2fc60    0000000c     bios.a64P : knl_star.o64P (.cinit)
                  87e2fc6c    00000004     --HOLE-- [fill = 0]
                  87e2fc70    0000000c               : knl_swit.o64P (.cinit)
                  87e2fc7c    00000004     --HOLE-- [fill = 0]
                  87e2fc80    0000000c               : pool.o64P (.cinit)
                  87e2fc8c    00000004     --HOLE-- [fill = 0]
                  87e2fc90    0000000c     bios3430.a64P : bcache_wait.o64P (.cinit)
                  87e2fc9c    00000004     --HOLE-- [fill = 0]
                  87e2fca0    0000000c     dsplink.lib : shm_drv.obj (.cinit)
                  87e2fcac    00000004     --HOLE-- [fill = 0]
                  87e2fcb0    0000000c     dsplinkmsg.lib : dsplinkmqt.obj (.cinit)
                  87e2fcbc    00000004     --HOLE-- [fill = 0]
                  87e2fcc0    0000000c     task.obj (.cinit)
                  87e2fccc    00000004     --HOLE-- [fill = 0]
                  87e2fcd0    0000000a     bios.a64P : pool_init.o64P (.cinit)
                  87e2fcda    00000006     --HOLE-- [fill = 0]
                  87e2fce0    0000000a     dsplink.lib : dsplink.obj (.cinit)
                  87e2fcea    00000006     --HOLE-- [fill = 0]
                  87e2fcf0    00000004     (.pad.cinit) [fill = 0]

.trcdata   0    87e2fcf4    0000000c     
                  87e2fcf4    0000000c     bios.a64P : trc.o64P (.trcdata)

.sysinit   0    87e2fd00    000005e0     
                  87e2fd00    000002e0     pool_notifycfg.obj (.sysinit)
                  87e2ffe0    00000120     bios.a64P : pool_init.o64P (.sysinit)
                  87e30100    000000c0               : boot.o64P (.sysinit)
                  87e301c0    000000a0               : mem_init.o64P (.sysinit)
                  87e30260    00000060               : tsk_init.o64P (.sysinit)
                  87e302c0    00000020               : obj_init.o64P (.sysinit)

.far       0    87e302e0    00000482     UNINITIALIZED
                  87e302e0    00000120     dsplink.lib : ips.obj (.far)
                  87e30400    000000d8     bios.a64P : knl.o64P (.far)
                  87e304d8    00000080     dsplinkpool.lib : dsplinkpool.obj (.far)
                  87e30558    0000005c     bios.a64P : tsk.o64P (.far)
                  87e305b4    00000004     bios3430.a64P : bcache_wait.o64P (.far)
                  87e305b8    00000054     bios.a64P : obj_init.o64P (.far)
                  87e3060c    00000050               : tsk_stup.o64P (.far)
                  87e3065c    00000004     bios3430.a64P : clk2430_data.o64P (.far)
                  87e30660    00000020     bios.a64P : sys.o64P (.far)
                  87e30680    00000020     pool_notify_config.obj (.far)
                  87e306a0    00000014     dsplink.lib : hal_interrupt.obj (.far)
                  87e306b4    00000010     bios.a64P : exc.o64P (.far)
                  87e306c4    00000010               : knl_tick.o64P (.far)
                  87e306d4    00000010     task.obj (.far)
                  87e306e4    0000000c     bios.a64P : hwi_disp.o64P (.far)
                  87e306f0    0000000c               : utl_putc.o64P (.far)
                  87e306fc    0000000c     bios3430.a64P : bcache_table.o64P (.far)
                  87e30708    0000000c     rts64plus.lib : exit.obj (.far)
                  87e30714    00000008     dsp_main.obj (.far)
                  87e3071c    00000008     dsplinkmpcs.lib : _mpcs.obj (.far)
                  87e30724    00000008     dsplinkmplist.lib : _mplist.obj (.far)
                  87e3072c    00000008     dsplinknotify.lib : _notify.obj (.far)
                  87e30734    00000008     dsplinkringio.lib : ringio.obj (.far)
                  87e3073c    00000008     rts64plus.lib : _lock.obj (.far)
                  87e30744    00000004     dsplink.lib : shm_drv.obj (.far)
                  87e30748    00000008     rts64plus.lib : divf.obj (.far)
                  87e30750    00000004     dsplinkdata.lib : dsplinkdata.obj (.far)
                  87e30754    00000004     dsplinkmpcs.lib : mpcs.obj (.far)
                  87e30758    00000004     dsplinkmsg.lib : dsplinkmqt.obj (.far)
                  87e3075c    00000004     pool_notifycfg.obj (.far)
                  87e30760    00000002     dsplink.lib : dsplink.obj (.far)

.idl       0    87e30764    00000004     UNINITIALIZED
                  87e30764    00000004     pool_notifycfg.obj (.idl)

.const     0    87e30768    00000419     
                  87e30768    00000193     bios.a64P : exc.o64P (.const)
                  87e308fb    00000004               : mem_allo.o64P (.const)
                  87e308ff    00000001     --HOLE-- [fill = 0]
                  87e30900    00000101     rts64plus.lib : ctype.obj (.const:__ctypes_)
                  87e30a01    0000004e     bios.a64P : pool_init.o64P (.const)
                  87e30a4f    0000004e               : tsk_stup.o64P (.const)
                  87e30a9d    00000023               : utl_doab.o64P (.const)
                  87e30ac0    00000022               : utl_doer.o64P (.const)
                  87e30ae2    00000019     dsplinkmplist.lib : _mplist.obj (.const:.string)
                  87e30afb    00000019     dsplinkringio.lib : _ringio.obj (.const:.string)
                  87e30b14    00000004     bios.a64P : mem_free.o64P (.const)
                  87e30b18    00000014     dsp_fixed.obj (.const:_$P$T0$1)
                  87e30b2c    00000012     dsplinkmpcs.lib : _mpcs.obj (.const:.string)
                  87e30b3e    00000012                     : mpcs.obj (.const:.string)
                  87e30b50    00000012     dsplinkpool.lib : sma_pool.obj (.const:.string)
                  87e30b62    00000002     --HOLE-- [fill = 0]
                  87e30b64    00000010                     : sma_pool.obj (.const)
                  87e30b74    0000000b     dsplink.lib : dsplink.obj (.const:.string)
                  87e30b7f    00000001     --HOLE-- [fill = 0]
                  87e30b80    00000001     bios.a64P : tsk.o64P (.const)

.printf    0    87e30b81    0000001a     COPY SECTION
                  87e30b81    0000001a     pool_notifycfg.obj (.printf)

.idlcal    0    87e30b84    00000004     UNINITIALIZED
                  87e30b84    00000004     pool_notifycfg.obj (.idlcal)

.TSK_idle$stk 
*          0    87e30b88    00000400     UNINITIALIZED
                  87e30b88    00000400     pool_notifycfg.obj (.TSK_idle$stk)

.bss       0    87e30f88    00000336     UNINITIALIZED
                  87e30f88    00000100     bios.a64P : hwi_disp_asm.o64P (.bss)
                  87e31088    000000cc               : biosdata.o64P (.bss)
                  87e31154    0000009c               : swi.o64P (.bss)
                  87e311f0    00000048               : knl.o64P (.bss)
                  87e31238    00000020               : exc_asm.o64P (.bss)
                  87e31258    00000018               : hwi.o64P (.bss)
                  87e31270    00000010               : exc.o64P (.bss)
                  87e31280    00000010     pool_notifycfg.obj (.bss)
                  87e31290    0000000c     bios.a64P : tsk.o64P (.bss)
                  87e3129c    00000008               : clk_data.o64P (.bss)
                  87e312a4    00000008               : sys.o64P (.bss)
                  87e312ac    00000004               : clk_data2.o64P (.bss)
                  87e312b0    00000004               : knl_star.o64P (.bss)
                  87e312b4    00000004               : mem_asm.o64P (.bss)
                  87e312b8    00000004               : pool.o64P (.bss)
                  87e312bc    00000002               : pool_init.o64P (.bss)

.gblinit   0    87e312c0    00000034     
                  87e312c0    00000034     pool_notifycfg.obj (.gblinit)

.clk       0    87e312f4    00000008     UNINITIALIZED
                  87e312f4    00000008     pool_notifycfg.obj (.clk)

.mem       0    87e312fc    00000004     UNINITIALIZED
                  87e312fc    00000004     pool_notifycfg.obj (.mem)

.LOG_system$buf 
*          0    87e31300    00000100     UNINITIALIZED
                  87e31300    00000100     pool_notifycfg.obj (.LOG_system$buf)

.hwi_vec   0    87e31400    00000200     
                  87e31400    00000200     pool_notifycfg.obj (.hwi_vec)

.trace     0    87e31600    00000200     
                  87e31600    00000200     --HOLE-- [fill = 00000000]

.data:DSPLINK_shmBaseAddress 
*          0    87e31800    00000084     
                  87e31800    00000084     dsplink.lib : dsplink.obj (.data:DSPLINK_shmBaseAddress) [fill = c3f05000]

.tsk       0    87e31884    00000060     UNINITIALIZED
                  87e31884    00000060     pool_notifycfg.obj (.tsk)

.sts       0    87e318e4    00000010     
                  87e318e4    00000010     pool_notifycfg.obj (.sts)

.trace$buf 
*          0    87e31900    00000080     UNINITIALIZED
                  87e31900    00000080     pool_notifycfg.obj (.trace$buf)

.args      0    87e31980    00000050     
                  87e31980    00000050     --HOLE-- [fill = 0]

.log       0    87e319d0    00000030     
                  87e319d0    00000030     pool_notifycfg.obj (.log)

.swi       0    87e31a00    0000002c     UNINITIALIZED
                  87e31a00    0000002c     pool_notifycfg.obj (.swi)

.switch    0    87e31a2c    00000010     
                  87e31a2c    00000010     dsplinkringio.lib : _ringio.obj (.switch)

.sys       0    87e31a3c    00000010     UNINITIALIZED
                  87e31a3c    00000010     pool_notifycfg.obj (.sys)


GLOBAL SYMBOLS: SORTED ALPHABETICALLY BY Name 

address    name
--------   ----
87e30f88   $bss
87e30f88   .bss
87e00080   .data
87e20080   .text
87e2fd00   BIOS_init
87e2ff4c   BIOS_start
00000000   BUF$
00000001   BUF_ENABLED
87e29aa0   C$$EXIT
ffffffff   CACHE_L1D
ffffffff   CACHE_L1P
ffffffff   CACHE_L2
00000001   CLK$
87e312f4   CLK_A_TABBEG
00000001   CLK_CALDIV
00000001   CLK_CALMULT
00050910   CLK_COUNTSPMS
00000005   CLK_COUNTSPMSHIGH
87e310b0   CLK_D_idletime
87e310ac   CLK_D_isrhook
87e310a8   CLK_D_tabbeg
87e310a4   CLK_D_timefxn
00000001   CLK_ENABLEHTIME
87e2c420   CLK_F_getltime
87e2c430   CLK_F_isr
87e2c580   CLK_F_itime
87e29fe0   CLK_HOOKFXN
00000001   CLK_HTIMEDIV
00000001   CLK_HTIMEMULT
00050910   CLK_HTIMEPERLTIME
00004b00   CLK_INPUTCLK
00004000   CLK_INTBIT
00000001   CLK_LTIMEDIV
00050910   CLK_LTIMEMULT
000003e8   CLK_MICROSECS
00004b00   CLK_PRD
00000000   CLK_PRDHIGH
49038000   CLK_REGS
00000000   CLK_RESETTIMER
87e310a0   CLK_R_time
00000020   CLK_TCR
00000000   CLK_TDDR
00000000   CLK_TDDRHIGH
87e2e100   CLK_TIMEFXN
00000000   CLK_TIMERNUM
00000005   CLK_TIMMODE
00000001   CLK_USETIMER
87e312f8   CLK_null
87e3128c   DDR2
87e00080   DDR2$B
00020000   DDR2$L
00000000   DEV$
00000000   DGN$
00000000   DHL$
00000000   DHL_gChannelsAvailable
00000000   DIO$
00000000   DIO_NUMSWIBASE
00000000   DIO_NUMTSKBASE
00000000   DIO_STATIC
00000000   DPI$
ffffffff   DSPLINKMEM
00000000   ECM$
00000000   ECM_ENABLE
ffffffff   ECM_EVTMASK0
ffffffff   ECM_EVTMASK1
ffffffff   ECM_EVTMASK2
ffffffff   ECM_EVTMASK3
0000000a   EVENT10
00000064   EVENT100
00000065   EVENT101
00000066   EVENT102
00000067   EVENT103
00000068   EVENT104
00000069   EVENT105
0000006a   EVENT106
0000006b   EVENT107
0000006c   EVENT108
0000006d   EVENT109
0000000b   EVENT11
0000006e   EVENT110
0000006f   EVENT111
00000070   EVENT112
00000071   EVENT113
00000072   EVENT114
00000073   EVENT115
00000074   EVENT116
00000075   EVENT117
00000076   EVENT118
00000077   EVENT119
0000000c   EVENT12
00000078   EVENT120
00000079   EVENT121
0000007a   EVENT122
0000007b   EVENT123
0000007c   EVENT124
0000007d   EVENT125
0000007e   EVENT126
0000007f   EVENT127
0000000d   EVENT13
0000000e   EVENT14
0000000f   EVENT15
00000010   EVENT16
00000011   EVENT17
00000012   EVENT18
00000013   EVENT19
00000014   EVENT20
00000015   EVENT21
00000016   EVENT22
00000017   EVENT23
00000018   EVENT24
00000019   EVENT25
0000001a   EVENT26
0000001b   EVENT27
0000001c   EVENT28
0000001d   EVENT29
0000001e   EVENT30
0000001f   EVENT31
00000020   EVENT32
00000021   EVENT33
00000022   EVENT34
00000023   EVENT35
00000024   EVENT36
00000025   EVENT37
00000026   EVENT38
00000027   EVENT39
00000004   EVENT4
00000028   EVENT40
00000029   EVENT41
0000002a   EVENT42
0000002b   EVENT43
0000002c   EVENT44
0000002d   EVENT45
0000002e   EVENT46
0000002f   EVENT47
00000030   EVENT48
00000031   EVENT49
00000005   EVENT5
00000032   EVENT50
00000033   EVENT51
00000034   EVENT52
00000035   EVENT53
00000036   EVENT54
00000037   EVENT55
00000038   EVENT56
00000039   EVENT57
0000003a   EVENT58
0000003b   EVENT59
00000006   EVENT6
0000003c   EVENT60
0000003d   EVENT61
0000003e   EVENT62
0000003f   EVENT63
00000040   EVENT64
00000041   EVENT65
00000042   EVENT66
00000043   EVENT67
00000044   EVENT68
00000045   EVENT69
00000007   EVENT7
00000046   EVENT70
00000047   EVENT71
00000048   EVENT72
00000049   EVENT73
0000004a   EVENT74
0000004b   EVENT75
0000004c   EVENT76
0000004d   EVENT77
0000004e   EVENT78
0000004f   EVENT79
00000008   EVENT8
00000050   EVENT80
00000051   EVENT81
00000052   EVENT82
00000053   EVENT83
00000054   EVENT84
00000055   EVENT85
00000056   EVENT86
00000057   EVENT87
00000058   EVENT88
00000059   EVENT89
00000009   EVENT9
0000005a   EVENT90
0000005b   EVENT91
0000005c   EVENT92
0000005d   EVENT93
0000005e   EVENT94
0000005f   EVENT95
00000060   EVENT96
00000061   EVENT97
00000062   EVENT98
00000063   EVENT99
87e2dc60   FXN_F_nop
87e2dc64   FXN_F_run
87e2dca0   FXN_F_zero
00000001   GBL$
00005205   GBL_A_VERSION
00000000   GBL_BCACHEREADADDR0
00000000   GBL_BCACHEREADADDR1
00000000   GBL_BCACHEREADADDR2
00000000   GBL_BIGENDIAN
00000000   GBL_CACHE
00000000   GBL_CALLCSLCFGINIT
00004e20   GBL_CLKIN
00000d66   GBL_CLKTYPE
00001963   GBL_DSPSUBTYPE
0000003e   GBL_DSPTYPE
00000000   GBL_ENABLEINST
00000000   GBL_ENABLE_SK
00000042   GBL_FOOTPRINT
00050910   GBL_FREQ
00000000   GBL_GEMTRUECOMPEN
00000007   GBL_L1DMODE
00000003   GBL_L1PMODE
00000001   GBL_L2CONFIGURE
00000000   GBL_L2MAR0_31
00000080   GBL_L2MAR128_159
00000000   GBL_L2MAR160_191
00000000   GBL_L2MAR192_223
00000000   GBL_L2MAR224_255
00000000   GBL_L2MAR32_63
00000000   GBL_L2MAR64_95
00000000   GBL_L2MAR96_127
00000001   GBL_L2MODE
00000000   GBL_NULL
00000000   GBL_PROCID
00000000   GBL_ROM
00000000   GBL_SUPPORTCSL
00004000   GBL_TRCMASKVALUE
00000000   GBL_USERINIT
87e2e020   GBL_USERINITFXN
00000001   GBL_boot
87e2fcfc   GBL_initdone
87e2e120   GBL_stackbeg
87e2f11f   GBL_stackend
00000000   GIO$
87e2e020   GIO_CREATEFXN
87e2e020   GIO_DELETEFXN
87e2e020   GIO_PENDFXN
87e2e020   GIO_POSTFXN
00000000   HOOK$
00000000   HOOK_KNLID
00000000   HST$
87e00080   HST_A_TABBEG
87e00080   HST_A_TABEND
00000000   HST_DSM
87e3128c   HST_DSMBUFSEG
00000400   HST_DSMMEMSIZE
87e3111c   HST_D_chanmask
87e31120   HST_D_tabbeg
87e31124   HST_D_tabend
00000100   HST_MAXFRAMEALLOWED
00000000   HST_MAXFRAMESET
00000001   HST_NONE
00000000   HST_RTDX
00000001   HWI$
87e31400   HWI_A_VECS
00004000   HWI_CFGDISPATCHED
87e31268   HWI_D_bss
87e3126c   HWI_D_ccmask
87e31258   HWI_D_spsave
00000001   HWI_ENABLE_EXC
87e29fe0   HWI_F_dispatch
00000000   HWI_GENERATE_RESET_VEC
0000000a   HWI_INT10
00000000   HWI_INT10$hwi
0000000b   HWI_INT11
00000000   HWI_INT11$hwi
0000000c   HWI_INT12
00000000   HWI_INT12$hwi
0000000d   HWI_INT13
00000000   HWI_INT13$hwi
0000000e   HWI_INT14
00000000   HWI_INT14$hwi
0000000f   HWI_INT15
00000000   HWI_INT15$hwi
00000004   HWI_INT4
00000000   HWI_INT4$hwi
00000005   HWI_INT5
00000000   HWI_INT5$hwi
00000006   HWI_INT6
00000000   HWI_INT6$hwi
00000007   HWI_INT7
00000000   HWI_INT7$hwi
00000008   HWI_INT8
00000000   HWI_INT8$hwi
00000009   HWI_INT9
00000000   HWI_INT9$hwi
07060504   HWI_INTRMUX1
0a0a0908   HWI_INTRMUX2
34330d0b   HWI_INTRMUX3
00000001   HWI_NMI
00000000   HWI_NMI$hwi
00000000   HWI_POLARITYMASK
00000002   HWI_RESERVED0
00000000   HWI_RESERVED0$hwi
00000003   HWI_RESERVED1
00000000   HWI_RESERVED1$hwi
00000000   HWI_RESET
00000000   HWI_RESET$hwi
00000000   HWI_ZEROTAB
00000000   IDL$
87e30b84   IDL_A_CALBEG
87e30764   IDL_A_TABBEG
00000000   IDL_CALIBRERROR
00000000   IDL_CALIBRFXN
87e31090   IDL_D_calbeg
87e3108c   IDL_D_calibrate
87e31088   IDL_D_tabbeg
87e30764   IDL_END
87e30b84   IDL_END$
87e2e080   IDL_F_loop
00000000   IDL_USECLKIDLTIME
ffffffff   IRAM
00000001   ISRC$
87e2c8d8   KNL_glue
87e31a00   KNL_swi
00000001   KNL_swi$dorta
00000000   KNL_swi$ord
00000000   KNL_swi$pri
87e318e8   KNL_swi$sts
87e30b91   KNL_swi$sts$avgfmt
00000002   KNL_swi$sts$filter
00000001   KNL_swi$sts$filtmaxmult
00000001   KNL_swi$sts$filtsummult
87e30b81   KNL_swi$sts$maxfmt
87e318e4   KNL_swi$sts$stsobj
87e30b89   KNL_swi$sts$sumfmt
00000000   KNL_swi$sts$unittype
00000000   KNL_swi$swi
ffffffff   L1DSRAM
00000001   LCK$
00000001   LOG$
87e319d0   LOG_A_TABBEG
87e31a00   LOG_A_TABEND
00000002   LOG_A_TABLEN
87e31094   LOG_D_system
00000001   LOG_ENABLED
87e2d9a0   LOG_F_event
87e319d0   LOG_system
87e31300   LOG_system$buf
00000000   LOG_system$datatype
00000000   LOG_system$log
00000040   LOG_system$size
00000000   MBX$
00000001   MEM$
87e3128c   MEM_MALLOCSEG
00000000   MEM_NULL
87e3128c   MEM_SEGZERO
00000000   MEM_USEMPC
00000001   MEM_gNumHeap
00000000   MSGQ$
00000000   MSGQ_USEMSGQ
00000000   OBJ$
00000000   PIP$
87e00080   PIP_A_TABBEG
87e00080   PIP_A_TABEND
00000000   PIP_A_TABLEN
87e31098   PIP_D_tabbeg
87e3109c   PIP_D_tablen
00000064   PIP_OBJSIZE
00000000   PIP_gNextId
00000000   PIP_gNumEmbed
00000001   POOL$
ffffffff   POOLMEM
00000001   POOL_USEPOOL
00000001   PRD$
87e00080   PRD_A_TABBEG
87e00080   PRD_A_TABEND
00000000   PRD_A_TABLEN
87e310d8   PRD_D_cur
87e310dc   PRD_D_elapsed
87e310e0   PRD_D_prevtim
87e310e4   PRD_D_scalar
87e310e8   PRD_D_swihandle
87e310ec   PRD_D_tabbeg
87e310f0   PRD_D_tablen
87e310f4   PRD_D_thook
87e310d4   PRD_D_tick
87e2a980   PRD_F_swi
87e2ac04   PRD_F_tick
00000001   PRD_SCALAR
00000000   PRD_SWIHANDLE
87e2c08c   PRD_THOOKFXN
87e312f4   PRD_clock
00000001   PWRM$
00000000   PWRM_PWRM_CAPSMASK
0000000a   PWRM_PWRM_CLKTICKSPERSLOT
00000000   PWRM_PWRM_ENABLE
00000000   PWRM_PWRM_LOADENABLE
00000001   PWRM_PWRM_NUMSLOTS
00000000   PWRM_PWRM_RESOURCETRACKING
00000000   PWRM_PWRM_SCALING
87e2e020   PWRM_PWRM_SHAREDRESOURCEFXN
87e2e020   PWRM_PWRM_SLOTHOOKFXN
00000000   PWRM_PWRM_TIMERIDNUM
00000000   PWRM_PWRM_TIMERINTRMASK
00000000   PWRM_PWRM_TIMERWUGENMASK
00000000   PWRM_PWRM_USERRESOURCES
00000000   PWRM_PWRM_USETIMER
00000001   QUE$
ffffffff   RESET_VECTOR
87e310f8   RTA_D_fromHost
87e31100   RTA_D_logval
87e31110   RTA_D_stsval
87e310fc   RTA_D_toHost
00000000   RTDX$
00000408   RTDX_BUFMEMSIZE
87e3128c   RTDX_DATAMEMSEG
00000000   RTDX_MODE
00000000   RTDX_USERTDX
00000000   RTDX_USERTEXECUTION
00000000   SEM$
00000000   SIO$
00000000   STS$
87e318e4   STS_A_TABBEG
87e318f4   STS_A_TABEND
87e2de0c   STS_F_add
87e2dde0   STS_F_delta
87e2de28   STS_F_reset
00000001   SWI$
87e31a00   SWI_A_TABBEG
87e31a2c   SWI_A_TABEND
00000001   SWI_A_TABLEN
87e3116c   SWI_D_curfxn
87e3115c   SWI_D_curmask
87e31168   SWI_D_curmbox
87e31160   SWI_D_curset
87e31158   SWI_D_execaddr
87e31174   SWI_D_inswi
87e31164   SWI_D_lock
87e31170   SWI_D_rdybeg
87e31178   SWI_D_rdytab
87e31154   SWI_D_runaddr
00000000   SWI_EHOOKFXN
87e2a6a4   SWI_EXECFXN
87e2a4c0   SWI_F_enable
87e2a6a4   SWI_F_exec
87e2a6cc   SWI_F_iexec
87e2a530   SWI_F_post
87e2a74c   SWI_F_run
00000000   SWI_IHOOKFXN
87e2a74c   SWI_RUNFXN
00000001   SYS$
87e31a3c   SYS$config
87e2dfe0   SYS_ABORTFXN
87e2e0c0   SYS_ERRORFXN
87e2e0e0   SYS_EXITFXN
87e2df00   SYS_PUTCFXN
87e2fcf8   TRC_R_mask
87e2fcf4   TRC_cinit
00000001   TSK$
00000000   TSK_NUM_HOOKS
00000001   TSK_PRIORITY
00000000   TSK_READYFXN
87e3128c   TSK_STACKSEG
00000400   TSK_STACKSIZE
00000000   TSK_SWITCHFXN
87e2e020   TSK_VCREATEFXN
87e2e020   TSK_VDELETEFXN
87e2e020   TSK_VEXITFXN
87e31890   TSK_idle
00000000   TSK_idle$ord
00000000   TSK_idle$pri
87e30b88   TSK_idle$stack
87e30f20   TSK_idle$stkptr
00000000   TSK_idle$tsk
00000000   UDEV$
87e2cd54   _BCACHE_bootInit
87e2cdd4   _BCACHE_getMar
87e2cd84   _BCACHE_getSize
87e2d390   _BCACHE_inv
87e2db10   _BCACHE_invL1pAll
87e2cd54   _BCACHE_setCacheToSram
87e2cd04   _BCACHE_setMar
87e2ccc0   _BCACHE_setSize
87e2db20   _BCACHE_wait
87e2d380   _BCACHE_wb
87e2db00   _BCACHE_wbAll
87e2d36c   _BCACHE_wbInv
87e2daec   _BCACHE_wbInvAll
87e2fd00   _BIOS_init
87e2ff4c   _BIOS_start
87e2df8c   _C62_clearIFR
87e2df60   _C62_disableIER
87e2bb08   _C62_dispatchPlug
87e2df78   _C62_enableIER
87e2bb00   _C62_plug
87e2df8c   _C64_clearIFR
87e2df60   _C64_disableIER
87e2bb08   _C64_dispatchPlug
87e2df78   _C64_enableIER
87e2bb00   _C64_plug
ffffffff   _CACHE_L1D
ffffffff   _CACHE_L1P
ffffffff   _CACHE_L2
00050910   _CLK_COUNTSPMS
87e3129c   _CLK_DFLTMICROSECS
87e310d0   _CLK_D_countspms
87e310c4   _CLK_D_dirty
87e312a0   _CLK_D_microseconds
87e310c8   _CLK_D_prd
87e310cc   _CLK_D_tddr
87e2c580   _CLK_F_itime
00004b00   _CLK_PRD
49038000   _CLK_REGS
00000000   _CLK_TDDR
00000000   _CLK_TIMERNUM
00000001   _CLK_USETIMER
87e2e100   _CLK_gethtime
49038000   _CLK_gptimer
87e3075c   _CLK_gptimer_enablemask
87e310b4   _CLK_htimeDiv
87e310b8   _CLK_htimeMult
87e312ac   _CLK_htimePerLtime
87e3065c   _CLK_inputClock
87e2c580   _CLK_itime
87e310bc   _CLK_ltimeDiv
87e310c0   _CLK_ltimeMult
87e2ce2c   _CLK_reconfig
87e2b784   _CLK_start
87e2b720   _CLK_stop
87e3128c   _DDR2
87e00080   _DDR2_base
00020000   _DDR2_length
87e30750   _DSPLINKDATA_ctrlPtr
87e29880   _DSPLINKDATA_init
87e29160   _DSPLINKIPS_init
ffffffff   _DSPLINKMEM
87e30758   _DSPLINKMQT_ctrlPtr
87e298c0   _DSPLINKMQT_init
87e304d8   _DSPLINKPOOL_ctrlPtr
87e29200   _DSPLINKPOOL_init
87e28da0   _DSPLINK_init
87e31800   _DSPLINK_shmBaseAddress
87e31808   _DSPLINK_shmBaseAddress_pad
0000000a   _EVENT10
00000064   _EVENT100
00000065   _EVENT101
00000066   _EVENT102
00000067   _EVENT103
00000068   _EVENT104
00000069   _EVENT105
0000006a   _EVENT106
0000006b   _EVENT107
0000006c   _EVENT108
0000006d   _EVENT109
0000000b   _EVENT11
0000006e   _EVENT110
0000006f   _EVENT111
00000070   _EVENT112
00000071   _EVENT113
00000072   _EVENT114
00000073   _EVENT115
00000074   _EVENT116
00000075   _EVENT117
00000076   _EVENT118
00000077   _EVENT119
0000000c   _EVENT12
00000078   _EVENT120
00000079   _EVENT121
0000007a   _EVENT122
0000007b   _EVENT123
0000007c   _EVENT124
0000007d   _EVENT125
0000007e   _EVENT126
0000007f   _EVENT127
0000000d   _EVENT13
0000000e   _EVENT14
0000000f   _EVENT15
00000010   _EVENT16
00000011   _EVENT17
00000012   _EVENT18
00000013   _EVENT19
00000014   _EVENT20
00000015   _EVENT21
00000016   _EVENT22
00000017   _EVENT23
00000018   _EVENT24
00000019   _EVENT25
0000001a   _EVENT26
0000001b   _EVENT27
0000001c   _EVENT28
0000001d   _EVENT29
0000001e   _EVENT30
0000001f   _EVENT31
00000020   _EVENT32
00000021   _EVENT33
00000022   _EVENT34
00000023   _EVENT35
00000024   _EVENT36
00000025   _EVENT37
00000026   _EVENT38
00000027   _EVENT39
00000004   _EVENT4
00000028   _EVENT40
00000029   _EVENT41
0000002a   _EVENT42
0000002b   _EVENT43
0000002c   _EVENT44
0000002d   _EVENT45
0000002e   _EVENT46
0000002f   _EVENT47
00000030   _EVENT48
00000031   _EVENT49
00000005   _EVENT5
00000032   _EVENT50
00000033   _EVENT51
00000034   _EVENT52
00000035   _EVENT53
00000036   _EVENT54
00000037   _EVENT55
00000038   _EVENT56
00000039   _EVENT57
0000003a   _EVENT58
0000003b   _EVENT59
00000006   _EVENT6
0000003c   _EVENT60
0000003d   _EVENT61
0000003e   _EVENT62
0000003f   _EVENT63
00000040   _EVENT64
00000041   _EVENT65
00000042   _EVENT66
00000043   _EVENT67
00000044   _EVENT68
00000045   _EVENT69
00000007   _EVENT7
00000046   _EVENT70
00000047   _EVENT71
00000048   _EVENT72
00000049   _EVENT73
0000004a   _EVENT74
0000004b   _EVENT75
0000004c   _EVENT76
0000004d   _EVENT77
0000004e   _EVENT78
0000004f   _EVENT79
00000008   _EVENT8
00000050   _EVENT80
00000051   _EVENT81
00000052   _EVENT82
00000053   _EVENT83
00000054   _EVENT84
00000055   _EVENT85
00000056   _EVENT86
00000057   _EVENT87
00000058   _EVENT88
00000059   _EVENT89
00000009   _EVENT9
0000005a   _EVENT90
0000005b   _EVENT91
0000005c   _EVENT92
0000005d   _EVENT93
0000005e   _EVENT94
0000005f   _EVENT95
00000060   _EVENT96
00000061   _EVENT97
00000062   _EVENT98
00000063   _EVENT99
87e29fb0   _EXC_clearLastStatus
87e2bce0   _EXC_dispatch
87e29e34   _EXC_exceptionHandler
87e31270   _EXC_exceptionHook
87e29e00   _EXC_external
87e31278   _EXC_externalHook
87e29de0   _EXC_getLastStatus
87e29da0   _EXC_init
87e29af4   _EXC_internal
87e31274   _EXC_internalHook
87e29ac0   _EXC_nmi
87e3127c   _EXC_nmiHook
87e31240   _EXC_returnPtr
87e2bea4   _EXC_setReturnPtr
87e306b4   _EXC_status
87e31238   _EXC_sysTrapTable
87e2e020   _FXN_F_nop
87e2dc64   _FXN_F_run
87e2dca0   _FXN_F_zero
00000000   _GBL_CACHE
87e2cfa4   _GBL_cacheInit64P
87e3112c   _GBL_clkIn
87e31130   _GBL_freq
87e2e040   _GBL_getVersion
87e31128   _GBL_procId
87e299e8   _HAL_exit
87e299c0   _HAL_init
87e28918   _HAL_intClear
87e288ec   _HAL_intDisable
87e288c0   _HAL_intEnable
87e28420   _HAL_intInit
87e28300   _HAL_intRegister
87e288b0   _HAL_intSend
87e28840   _HAL_intWaitClear
87e2e060   _HOOK_setenv
87e00080   _HST_A_TABBEG
87e00080   _HST_A_TABEND
87e306e4   _HWI_ATTRS
00004000   _HWI_CFGDISPATCHED
87e31264   _HWI_D_inhwi
87e31258   _HWI_D_spsave
87e29fe0   _HWI_F_dispatch
0000000a   _HWI_INT10
0000000b   _HWI_INT11
0000000c   _HWI_INT12
0000000d   _HWI_INT13
0000000e   _HWI_INT14
0000000f   _HWI_INT15
00000004   _HWI_INT4
00000005   _HWI_INT5
00000006   _HWI_INT6
00000007   _HWI_INT7
00000008   _HWI_INT8
00000009   _HWI_INT9
00000001   _HWI_NMI
00000002   _HWI_RESERVED0
00000003   _HWI_RESERVED1
00000000   _HWI_RESET
87e2f118   _HWI_STKBOTTOM
87e2e120   _HWI_STKTOP
87e31258   _HWI_data
87e2dcc0   _HWI_disable
87e2d720   _HWI_dispatchPlug
87e30f88   _HWI_dispatchTab
87e2dcd8   _HWI_enable
87e2d7a0   _HWI_eventMap
87e2dcec   _HWI_restore
87e2e080   _IDL_loop
87e25eb8   _IPS_clearReserved
87e25e04   _IPS_exit
87e25ca0   _IPS_init
87e25718   _IPS_isNotReserved
87e25a94   _IPS_notify
87e25740   _IPS_register
87e256f0   _IPS_setReserved
87e25340   _IPS_unregister
ffffffff   _IRAM
87e311f8   _KNL_alarm
87e2d060   _KNL_check
87e3121c   _KNL_curqueue
87e3120c   _KNL_curtask
87e31214   _KNL_curtime
87e304a0   _KNL_dummy
87e2d4c0   _KNL_enter
87e2d480   _KNL_exit
87e2d128   _KNL_idle
87e31234   _KNL_idlefxn
87e31200   _KNL_inactive
87e2d820   _KNL_ipost
87e2d150   _KNL_max
87e31220   _KNL_maxqueue
87e2d8a0   _KNL_post
87e31210   _KNL_prevtask
87e31204   _KNL_priority
87e30400   _KNL_queues
87e2ca40   _KNL_ready
87e2b2e0   _KNL_run
87e2c780   _KNL_saveIsrFrame
87e31208   _KNL_set
87e311fc   _KNL_setpri
87e2d540   _KNL_start
87e31a00   _KNL_swi
87e31218   _KNL_swiptr
87e2c82c   _KNL_switch
87e31228   _KNL_tcreatefxn
87e3122c   _KNL_tdeletefxn
87e2c08c   _KNL_tick
87e31230   _KNL_treadyfxn
87e31224   _KNL_tswitchfxn
87e311f0   _KNL_wFlag
87e311f4   _KNL_wList
ffffffff   _L1DSRAM
87e2d940   _LCK_pend
87e2d920   _LCK_post
87e319d0   _LOG_A_TABBEG
87e31a00   _LOG_A_TABEND
00000002   _LOG_A_TABLEN
87e31094   _LOG_D_system
87e2d9a0   _LOG_event
87e319d0   _LOG_system
87e312b4   _MEM
87e31134   _MEM_D_NUMSEGMENTS
87e3113c   _MEM_D_freelist
87e31140   _MEM_D_lockaddr
87e31138   _MEM_D_memtab
87e31144   _MEM_D_unlockaddr
87e2b920   _MEM_alloc
87e2c0a0   _MEM_free
87e301c0   _MEM_init
87e31280   _MEM_memtab
87e2dba0   _MEM_valloc
87e30714   _MPCSXFER_BufferSize
87e30718   _MPCSXFER_NumIterations
87e25274   _MPCS_close
87e24d24   _MPCS_create
87e30720   _MPCS_csObj
87e3071c   _MPCS_ctrlPtr
87e24860   _MPCS_delete
87e2466c   _MPCS_enter
87e27454   _MPCS_exit
87e272d4   _MPCS_init
87e24540   _MPCS_leave
87e244e0   _MPCS_open
87e30724   _MPLIST_ctrlPtr
87e28280   _MPLIST_exit
87e28100   _MPLIST_init
87e30728   _MPLIST_mpcsObj
87e3072c   _NOTIFY_ctrlPtr
87e290a0   _NOTIFY_init
87e286d4   _NOTIFY_notify
87e30730   _NOTIFY_numIps
87e28674   _NOTIFY_register
87e28620   _NOTIFY_unregister
87e2da20   _OBJ_create
87e2dd20   _OBJ_delete
87e302c0   _OBJ_init
87e305f0   _OBJ_segtab
87e305b8   _OBJ_table
87e00080   _PIP_A_TABBEG
87e00080   _PIP_A_TABEND
87e312b8   _POOL
ffffffff   _POOLMEM
87e30698   _POOL_config
87e2ffe0   _POOL_init
87e26584   _POOL_open
87e310d4   _PRD_D_tick
87e312f4   _PRD_clock
87e2dfa0   _QUE_get
87e2dfc8   _QUE_put
ffffffff   _RESET_VECTOR
87e30734   _RingIO_ctrlPtr
87e23038   _RingIO_exit
87e22eb8   _RingIO_init
87e30738   _RingIO_mpcsObj
87e2dd80   _SEM_pend
87e2b520   _SEM_pendEnterKnl
87e2d3a0   _SEM_post
87e2d3a0   _SEM_postBinary
87e2d5e0   _SEM_postEnterKnl
87e28954   _SHMDRV_handshake
87e28940   _SHMDRV_init
87e30b64   _SMAPOOL_FXNS
87e2696c   _SMAPOOL_alloc
87e26770   _SMAPOOL_free
87e26758   _SMAPOOL_init
87e26620   _SMAPOOL_open
87e318e4   _STS_A_TABBEG
87e318f4   _STS_A_TABEND
87e2de0c   _STS_add
87e2dde0   _STS_delta
87e2de28   _STS_reset
87e2e0a0   _STS_set
87e3116c   _SWI_D_curfxn
87e3115c   _SWI_D_curmask
87e31160   _SWI_D_curset
87e31158   _SWI_D_execaddr
87e31174   _SWI_D_inswi
87e31164   _SWI_D_lock
87e31170   _SWI_D_rdybeg
87e31154   _SWI_D_runaddr
87e31154   _SWI_data
87e2de40   _SWI_disable
87e2de64   _SWI_enable
87e2a530   _SWI_post
87e31148   _SYS
87e31600   _SYS_PUTCBEG
87e317ff   _SYS_PUTCEND
87e2dea0   _SYS_abort
87e2dc00   _SYS_error
87e2d680   _SYS_exit
87e30660   _SYS_exitStack
87e312a4   _SYS_exitStackPtr
87e312a8   _SYS_exitStackTop
87e30680   _SamplePoolParams
87e2fcf8   _TRC_R_mask
87e31298   _TSK
87e30558   _TSK_ATTRS
87e30574   _TSK_config
87e2ad00   _TSK_create
87e2cb80   _TSK_exit
87e31890   _TSK_idle
87e30260   _TSK_init
87e31290   _TSK_nTasks
87e31294   _TSK_pid
87e2c5e0   _TSK_setup
87e2d224   _TSK_startup
87e30594   _TSK_timerSem
87e276c4   _Task_create
87e27660   _Task_delete
87e27528   _Task_execute
87e2dfe0   _UTL_doAbort
87e2e0c0   _UTL_doError
87e2df00   _UTL_doPutc
87e2e0e0   _UTL_halt
87e305b4   __BCACHE_emifAddr
87e306fc   __BCACHE_readTable
87e2c59c   __CLK_lat1beg
87e2c5c0   __CLK_lat1end
87e26080   __DSPLINK_init
87e31150   __HOOK_NUMHOOKS
87e3114c   __HOOK_knlId
87e29fe0   __HWI_lat1beg
87e2a168   __HWI_lat1end
87e2a168   __HWI_lat2beg
87e2a344   __HWI_lat2end1
87e2a2d0   __HWI_lat2end2
87e2a360   __HWI_lat3beg
87e2a300   __HWI_lat3end2
87e2d0ac   __KNL_lat1beg
87e2d128   __KNL_lat1end
87e2d9a0   __LOG_lat1beg
87e30634   __MEM_mutex
87e27060   __MPCS_open
48004000   __PWRM_CM_BASEADDR
5d000000   __PWRM_IVAMMU_BASEADDR
48306000   __PWRM_PRM_BASEADDR
48002000   __PWRM_SCM_BASEADDR
00000000   __PWRM_TIMERBASEADDR
00000020   __PWRM_TIMERINPUTCLK
00000000   __PWRM_TIMERINTRMASK
0000000a   __PWRM_TIMERPERIOD
00000000   __PWRM_USETIMER
87e2dfa0   __QUE_lat1beg
87e2dfc0   __QUE_lat1end
87e2dfc8   __QUE_lat2beg
87e2dfd4   __QUE_lat2end
87e22cac   __RingIO_callNotifier
87e22bc8   __RingIO_checkNotifier
87e22674   __RingIO_getContiguousDataSize
87e21660   __RingIO_getFirstAcquiredAttr
87e20334   __RingIO_getFirstAttr
87e208a4   __RingIO_initInstance
87e21710   __RingIO_invalidateDataBuffer
87e22790   __RingIO_readerAcquire
87e224c8   __RingIO_readerCancel
87e21fb0   __RingIO_readerFlush
87e21be8   __RingIO_readerGetvAttribute
87e217ec   __RingIO_readerRelease
87e20434   __RingIO_releaseAttribute
87e20e68   __RingIO_updateAttributes
87e21424   __RingIO_writerAcquire
87e21038   __RingIO_writerCancel
87e20964   __RingIO_writerFlush
87e20518   __RingIO_writerRelease
87e20080   __RingIO_writerSetvAttribute
87e2c260   __SEM_dopost
00001000   __STACK_SIZE
87e2a638   __SWI_lat1beg
87e2a6e4   __SWI_lat1end
87e2a6e8   __SWI_lat2beg
87e2a748   __SWI_lat2end
87e2a4c0   __SWI_lat3beg
87e2a52c   __SWI_lat3end
87e3060c   __TSK_mutex
87e30710   ___TI_enable_exit_profile_output
ffffffff   ___TI_pprof_out_hndl
ffffffff   ___TI_prof_data_size
ffffffff   ___TI_prof_data_start
ffffffff   ___binit__
87e30f88   ___bss__
ffffffff   ___c_args__
87e2f120   ___cinit__
87e00080   ___data__
87e00080   ___edata__
87e312be   ___end__
87e29ac0   ___etext__
ffffffff   ___pinit__
87e20080   ___text__
87e27aa0   __addd
87e2c900   __auto_init
87e30708   __cleanup_ptr
87e28a20   __cmpd
87e29480   __cmpf
87e30900   __ctypes_
87e29700   __cvtfd
87e26b60   __divf
87e284c0   __divlli
87e28e60   __divu
87e27840   __divull
87e3070c   __dtors_ptr
87e29500   __fixdi
87e29580   __fixfu
87e29900   __fltuf
87e27ce0   __frcaddd
87e29760   __frcmpyf
87e292a0   __frcmpyf_div
87e29600   __llshl
87e297c0   __llshru
87e3073c   __lock
87e27f00   __mpyf
87e29a20   __negll
87e29a40   __nop
87e29a60   __register_lock
87e29a80   __register_unlock
87e29340   __remu
87e29680   __renormd
87e2e120   __stack
87e29820   __subcull
87e29940   __subd
87e30740   __unlock
87e29aa0   _abort
87e28b00   _atoi
87e306d4   _buf
87e30100   _c_int00
87e2b278   _calloc
87e306dc   _cols
87e274c0   _display_on_gpp
87e28be0   _exit
87e2b040   _free
87e23728   _gaussian_smooth
87e306d8   _length
87e29980   _llabs
87e28740   _main
87e230e0   _make_gaussian_kernel
87e2b068   _malloc
87e2b198   _memalign
87e293e0   _memcpy
87e28cc0   _memset
87e28f20   _modf
87e30688   _pool_notify_Pools
87e2b0cc   _realloc
87e319e8   _trace
ffffffff   binit
87e2f120   cinit
87e00080   edata
87e312be   end
87e29ac0   etext
87e31400   hwi0
87e31420   hwi1
87e31540   hwi10
87e31560   hwi11
87e31580   hwi12
87e315a0   hwi13
87e315c0   hwi14
87e315e0   hwi15
87e31440   hwi2
87e31460   hwi3
87e31480   hwi4
87e314a0   hwi5
87e314c0   hwi6
87e314e0   hwi7
87e31500   hwi8
87e31520   hwi9
ffffffff   pinit
87e319e8   trace
87e31900   trace$buf
00000001   trace$datatype
00000000   trace$log
00000020   trace$size


GLOBAL SYMBOLS: SORTED BY Symbol Address 

address    name
--------   ----
00000000   BUF$
00000000   CLK_PRDHIGH
00000000   CLK_RESETTIMER
00000000   CLK_TDDR
00000000   CLK_TDDRHIGH
00000000   CLK_TIMERNUM
00000000   DEV$
00000000   DGN$
00000000   DHL$
00000000   DHL_gChannelsAvailable
00000000   DIO$
00000000   DIO_NUMSWIBASE
00000000   DIO_NUMTSKBASE
00000000   DIO_STATIC
00000000   DPI$
00000000   ECM$
00000000   ECM_ENABLE
00000000   GBL_BCACHEREADADDR0
00000000   GBL_BCACHEREADADDR1
00000000   GBL_BCACHEREADADDR2
00000000   GBL_BIGENDIAN
00000000   GBL_CACHE
00000000   GBL_CALLCSLCFGINIT
00000000   GBL_ENABLEINST
00000000   GBL_ENABLE_SK
00000000   GBL_GEMTRUECOMPEN
00000000   GBL_L2MAR0_31
00000000   GBL_L2MAR160_191
00000000   GBL_L2MAR192_223
00000000   GBL_L2MAR224_255
00000000   GBL_L2MAR32_63
00000000   GBL_L2MAR64_95
00000000   GBL_L2MAR96_127
00000000   GBL_NULL
00000000   GBL_PROCID
00000000   GBL_ROM
00000000   GBL_SUPPORTCSL
00000000   GBL_USERINIT
00000000   GIO$
00000000   HOOK$
00000000   HOOK_KNLID
00000000   HST$
00000000   HST_DSM
00000000   HST_MAXFRAMESET
00000000   HST_RTDX
00000000   HWI_GENERATE_RESET_VEC
00000000   HWI_INT10$hwi
00000000   HWI_INT11$hwi
00000000   HWI_INT12$hwi
00000000   HWI_INT13$hwi
00000000   HWI_INT14$hwi
00000000   HWI_INT15$hwi
00000000   HWI_INT4$hwi
00000000   HWI_INT5$hwi
00000000   HWI_INT6$hwi
00000000   HWI_INT7$hwi
00000000   HWI_INT8$hwi
00000000   HWI_INT9$hwi
00000000   HWI_NMI$hwi
00000000   HWI_POLARITYMASK
00000000   HWI_RESERVED0$hwi
00000000   HWI_RESERVED1$hwi
00000000   HWI_RESET
00000000   HWI_RESET$hwi
00000000   HWI_ZEROTAB
00000000   IDL$
00000000   IDL_CALIBRERROR
00000000   IDL_CALIBRFXN
00000000   IDL_USECLKIDLTIME
00000000   KNL_swi$ord
00000000   KNL_swi$pri
00000000   KNL_swi$sts$unittype
00000000   KNL_swi$swi
00000000   LOG_system$datatype
00000000   LOG_system$log
00000000   MBX$
00000000   MEM_NULL
00000000   MEM_USEMPC
00000000   MSGQ$
00000000   MSGQ_USEMSGQ
00000000   OBJ$
00000000   PIP$
00000000   PIP_A_TABLEN
00000000   PIP_gNextId
00000000   PIP_gNumEmbed
00000000   PRD_A_TABLEN
00000000   PRD_SWIHANDLE
00000000   PWRM_PWRM_CAPSMASK
00000000   PWRM_PWRM_ENABLE
00000000   PWRM_PWRM_LOADENABLE
00000000   PWRM_PWRM_RESOURCETRACKING
00000000   PWRM_PWRM_SCALING
00000000   PWRM_PWRM_TIMERIDNUM
00000000   PWRM_PWRM_TIMERINTRMASK
00000000   PWRM_PWRM_TIMERWUGENMASK
00000000   PWRM_PWRM_USERRESOURCES
00000000   PWRM_PWRM_USETIMER
00000000   RTDX$
00000000   RTDX_MODE
00000000   RTDX_USERTDX
00000000   RTDX_USERTEXECUTION
00000000   SEM$
00000000   SIO$
00000000   STS$
00000000   SWI_EHOOKFXN
00000000   SWI_IHOOKFXN
00000000   TSK_NUM_HOOKS
00000000   TSK_READYFXN
00000000   TSK_SWITCHFXN
00000000   TSK_idle$ord
00000000   TSK_idle$pri
00000000   TSK_idle$tsk
00000000   UDEV$
00000000   _CLK_TDDR
00000000   _CLK_TIMERNUM
00000000   _GBL_CACHE
00000000   _HWI_RESET
00000000   __PWRM_TIMERBASEADDR
00000000   __PWRM_TIMERINTRMASK
00000000   __PWRM_USETIMER
00000000   trace$log
00000001   BUF_ENABLED
00000001   CLK$
00000001   CLK_CALDIV
00000001   CLK_CALMULT
00000001   CLK_ENABLEHTIME
00000001   CLK_HTIMEDIV
00000001   CLK_HTIMEMULT
00000001   CLK_LTIMEDIV
00000001   CLK_USETIMER
00000001   GBL$
00000001   GBL_L2CONFIGURE
00000001   GBL_L2MODE
00000001   GBL_boot
00000001   HST_NONE
00000001   HWI$
00000001   HWI_ENABLE_EXC
00000001   HWI_NMI
00000001   ISRC$
00000001   KNL_swi$dorta
00000001   KNL_swi$sts$filtmaxmult
00000001   KNL_swi$sts$filtsummult
00000001   LCK$
00000001   LOG$
00000001   LOG_ENABLED
00000001   MEM$
00000001   MEM_gNumHeap
00000001   POOL$
00000001   POOL_USEPOOL
00000001   PRD$
00000001   PRD_SCALAR
00000001   PWRM$
00000001   PWRM_PWRM_NUMSLOTS
00000001   QUE$
00000001   SWI$
00000001   SWI_A_TABLEN
00000001   SYS$
00000001   TSK$
00000001   TSK_PRIORITY
00000001   _CLK_USETIMER
00000001   _HWI_NMI
00000001   trace$datatype
00000002   HWI_RESERVED0
00000002   KNL_swi$sts$filter
00000002   LOG_A_TABLEN
00000002   _HWI_RESERVED0
00000002   _LOG_A_TABLEN
00000003   GBL_L1PMODE
00000003   HWI_RESERVED1
00000003   _HWI_RESERVED1
00000004   EVENT4
00000004   HWI_INT4
00000004   _EVENT4
00000004   _HWI_INT4
00000005   CLK_COUNTSPMSHIGH
00000005   CLK_TIMMODE
00000005   EVENT5
00000005   HWI_INT5
00000005   _EVENT5
00000005   _HWI_INT5
00000006   EVENT6
00000006   HWI_INT6
00000006   _EVENT6
00000006   _HWI_INT6
00000007   EVENT7
00000007   GBL_L1DMODE
00000007   HWI_INT7
00000007   _EVENT7
00000007   _HWI_INT7
00000008   EVENT8
00000008   HWI_INT8
00000008   _EVENT8
00000008   _HWI_INT8
00000009   EVENT9
00000009   HWI_INT9
00000009   _EVENT9
00000009   _HWI_INT9
0000000a   EVENT10
0000000a   HWI_INT10
0000000a   PWRM_PWRM_CLKTICKSPERSLOT
0000000a   _EVENT10
0000000a   _HWI_INT10
0000000a   __PWRM_TIMERPERIOD
0000000b   EVENT11
0000000b   HWI_INT11
0000000b   _EVENT11
0000000b   _HWI_INT11
0000000c   EVENT12
0000000c   HWI_INT12
0000000c   _EVENT12
0000000c   _HWI_INT12
0000000d   EVENT13
0000000d   HWI_INT13
0000000d   _EVENT13
0000000d   _HWI_INT13
0000000e   EVENT14
0000000e   HWI_INT14
0000000e   _EVENT14
0000000e   _HWI_INT14
0000000f   EVENT15
0000000f   HWI_INT15
0000000f   _EVENT15
0000000f   _HWI_INT15
00000010   EVENT16
00000010   _EVENT16
00000011   EVENT17
00000011   _EVENT17
00000012   EVENT18
00000012   _EVENT18
00000013   EVENT19
00000013   _EVENT19
00000014   EVENT20
00000014   _EVENT20
00000015   EVENT21
00000015   _EVENT21
00000016   EVENT22
00000016   _EVENT22
00000017   EVENT23
00000017   _EVENT23
00000018   EVENT24
00000018   _EVENT24
00000019   EVENT25
00000019   _EVENT25
0000001a   EVENT26
0000001a   _EVENT26
0000001b   EVENT27
0000001b   _EVENT27
0000001c   EVENT28
0000001c   _EVENT28
0000001d   EVENT29
0000001d   _EVENT29
0000001e   EVENT30
0000001e   _EVENT30
0000001f   EVENT31
0000001f   _EVENT31
00000020   CLK_TCR
00000020   EVENT32
00000020   _EVENT32
00000020   __PWRM_TIMERINPUTCLK
00000020   trace$size
00000021   EVENT33
00000021   _EVENT33
00000022   EVENT34
00000022   _EVENT34
00000023   EVENT35
00000023   _EVENT35
00000024   EVENT36
00000024   _EVENT36
00000025   EVENT37
00000025   _EVENT37
00000026   EVENT38
00000026   _EVENT38
00000027   EVENT39
00000027   _EVENT39
00000028   EVENT40
00000028   _EVENT40
00000029   EVENT41
00000029   _EVENT41
0000002a   EVENT42
0000002a   _EVENT42
0000002b   EVENT43
0000002b   _EVENT43
0000002c   EVENT44
0000002c   _EVENT44
0000002d   EVENT45
0000002d   _EVENT45
0000002e   EVENT46
0000002e   _EVENT46
0000002f   EVENT47
0000002f   _EVENT47
00000030   EVENT48
00000030   _EVENT48
00000031   EVENT49
00000031   _EVENT49
00000032   EVENT50
00000032   _EVENT50
00000033   EVENT51
00000033   _EVENT51
00000034   EVENT52
00000034   _EVENT52
00000035   EVENT53
00000035   _EVENT53
00000036   EVENT54
00000036   _EVENT54
00000037   EVENT55
00000037   _EVENT55
00000038   EVENT56
00000038   _EVENT56
00000039   EVENT57
00000039   _EVENT57
0000003a   EVENT58
0000003a   _EVENT58
0000003b   EVENT59
0000003b   _EVENT59
0000003c   EVENT60
0000003c   _EVENT60
0000003d   EVENT61
0000003d   _EVENT61
0000003e   EVENT62
0000003e   GBL_DSPTYPE
0000003e   _EVENT62
0000003f   EVENT63
0000003f   _EVENT63
00000040   EVENT64
00000040   LOG_system$size
00000040   _EVENT64
00000041   EVENT65
00000041   _EVENT65
00000042   EVENT66
00000042   GBL_FOOTPRINT
00000042   _EVENT66
00000043   EVENT67
00000043   _EVENT67
00000044   EVENT68
00000044   _EVENT68
00000045   EVENT69
00000045   _EVENT69
00000046   EVENT70
00000046   _EVENT70
00000047   EVENT71
00000047   _EVENT71
00000048   EVENT72
00000048   _EVENT72
00000049   EVENT73
00000049   _EVENT73
0000004a   EVENT74
0000004a   _EVENT74
0000004b   EVENT75
0000004b   _EVENT75
0000004c   EVENT76
0000004c   _EVENT76
0000004d   EVENT77
0000004d   _EVENT77
0000004e   EVENT78
0000004e   _EVENT78
0000004f   EVENT79
0000004f   _EVENT79
00000050   EVENT80
00000050   _EVENT80
00000051   EVENT81
00000051   _EVENT81
00000052   EVENT82
00000052   _EVENT82
00000053   EVENT83
00000053   _EVENT83
00000054   EVENT84
00000054   _EVENT84
00000055   EVENT85
00000055   _EVENT85
00000056   EVENT86
00000056   _EVENT86
00000057   EVENT87
00000057   _EVENT87
00000058   EVENT88
00000058   _EVENT88
00000059   EVENT89
00000059   _EVENT89
0000005a   EVENT90
0000005a   _EVENT90
0000005b   EVENT91
0000005b   _EVENT91
0000005c   EVENT92
0000005c   _EVENT92
0000005d   EVENT93
0000005d   _EVENT93
0000005e   EVENT94
0000005e   _EVENT94
0000005f   EVENT95
0000005f   _EVENT95
00000060   EVENT96
00000060   _EVENT96
00000061   EVENT97
00000061   _EVENT97
00000062   EVENT98
00000062   _EVENT98
00000063   EVENT99
00000063   _EVENT99
00000064   EVENT100
00000064   PIP_OBJSIZE
00000064   _EVENT100
00000065   EVENT101
00000065   _EVENT101
00000066   EVENT102
00000066   _EVENT102
00000067   EVENT103
00000067   _EVENT103
00000068   EVENT104
00000068   _EVENT104
00000069   EVENT105
00000069   _EVENT105
0000006a   EVENT106
0000006a   _EVENT106
0000006b   EVENT107
0000006b   _EVENT107
0000006c   EVENT108
0000006c   _EVENT108
0000006d   EVENT109
0000006d   _EVENT109
0000006e   EVENT110
0000006e   _EVENT110
0000006f   EVENT111
0000006f   _EVENT111
00000070   EVENT112
00000070   _EVENT112
00000071   EVENT113
00000071   _EVENT113
00000072   EVENT114
00000072   _EVENT114
00000073   EVENT115
00000073   _EVENT115
00000074   EVENT116
00000074   _EVENT116
00000075   EVENT117
00000075   _EVENT117
00000076   EVENT118
00000076   _EVENT118
00000077   EVENT119
00000077   _EVENT119
00000078   EVENT120
00000078   _EVENT120
00000079   EVENT121
00000079   _EVENT121
0000007a   EVENT122
0000007a   _EVENT122
0000007b   EVENT123
0000007b   _EVENT123
0000007c   EVENT124
0000007c   _EVENT124
0000007d   EVENT125
0000007d   _EVENT125
0000007e   EVENT126
0000007e   _EVENT126
0000007f   EVENT127
0000007f   _EVENT127
00000080   GBL_L2MAR128_159
00000100   HST_MAXFRAMEALLOWED
000003e8   CLK_MICROSECS
00000400   HST_DSMMEMSIZE
00000400   TSK_STACKSIZE
00000408   RTDX_BUFMEMSIZE
00000d66   GBL_CLKTYPE
00001000   __STACK_SIZE
00001963   GBL_DSPSUBTYPE
00004000   CLK_INTBIT
00004000   GBL_TRCMASKVALUE
00004000   HWI_CFGDISPATCHED
00004000   _HWI_CFGDISPATCHED
00004b00   CLK_INPUTCLK
00004b00   CLK_PRD
00004b00   _CLK_PRD
00004e20   GBL_CLKIN
00005205   GBL_A_VERSION
00020000   DDR2$L
00020000   _DDR2_length
00050910   CLK_COUNTSPMS
00050910   CLK_HTIMEPERLTIME
00050910   CLK_LTIMEMULT
00050910   GBL_FREQ
00050910   _CLK_COUNTSPMS
07060504   HWI_INTRMUX1
0a0a0908   HWI_INTRMUX2
34330d0b   HWI_INTRMUX3
48002000   __PWRM_SCM_BASEADDR
48004000   __PWRM_CM_BASEADDR
48306000   __PWRM_PRM_BASEADDR
49038000   CLK_REGS
49038000   _CLK_REGS
49038000   _CLK_gptimer
5d000000   __PWRM_IVAMMU_BASEADDR
87e00080   .data
87e00080   DDR2$B
87e00080   HST_A_TABBEG
87e00080   HST_A_TABEND
87e00080   PIP_A_TABBEG
87e00080   PIP_A_TABEND
87e00080   PRD_A_TABBEG
87e00080   PRD_A_TABEND
87e00080   _DDR2_base
87e00080   _HST_A_TABBEG
87e00080   _HST_A_TABEND
87e00080   _PIP_A_TABBEG
87e00080   _PIP_A_TABEND
87e00080   ___data__
87e00080   ___edata__
87e00080   edata
87e20080   .text
87e20080   __RingIO_writerSetvAttribute
87e20080   ___text__
87e20334   __RingIO_getFirstAttr
87e20434   __RingIO_releaseAttribute
87e20518   __RingIO_writerRelease
87e208a4   __RingIO_initInstance
87e20964   __RingIO_writerFlush
87e20e68   __RingIO_updateAttributes
87e21038   __RingIO_writerCancel
87e21424   __RingIO_writerAcquire
87e21660   __RingIO_getFirstAcquiredAttr
87e21710   __RingIO_invalidateDataBuffer
87e217ec   __RingIO_readerRelease
87e21be8   __RingIO_readerGetvAttribute
87e21fb0   __RingIO_readerFlush
87e224c8   __RingIO_readerCancel
87e22674   __RingIO_getContiguousDataSize
87e22790   __RingIO_readerAcquire
87e22bc8   __RingIO_checkNotifier
87e22cac   __RingIO_callNotifier
87e22eb8   _RingIO_init
87e23038   _RingIO_exit
87e230e0   _make_gaussian_kernel
87e23728   _gaussian_smooth
87e244e0   _MPCS_open
87e24540   _MPCS_leave
87e2466c   _MPCS_enter
87e24860   _MPCS_delete
87e24d24   _MPCS_create
87e25274   _MPCS_close
87e25340   _IPS_unregister
87e256f0   _IPS_setReserved
87e25718   _IPS_isNotReserved
87e25740   _IPS_register
87e25a94   _IPS_notify
87e25ca0   _IPS_init
87e25e04   _IPS_exit
87e25eb8   _IPS_clearReserved
87e26080   __DSPLINK_init
87e26584   _POOL_open
87e26620   _SMAPOOL_open
87e26758   _SMAPOOL_init
87e26770   _SMAPOOL_free
87e2696c   _SMAPOOL_alloc
87e26b60   __divf
87e27060   __MPCS_open
87e272d4   _MPCS_init
87e27454   _MPCS_exit
87e274c0   _display_on_gpp
87e27528   _Task_execute
87e27660   _Task_delete
87e276c4   _Task_create
87e27840   __divull
87e27aa0   __addd
87e27ce0   __frcaddd
87e27f00   __mpyf
87e28100   _MPLIST_init
87e28280   _MPLIST_exit
87e28300   _HAL_intRegister
87e28420   _HAL_intInit
87e284c0   __divlli
87e28620   _NOTIFY_unregister
87e28674   _NOTIFY_register
87e286d4   _NOTIFY_notify
87e28740   _main
87e28840   _HAL_intWaitClear
87e288b0   _HAL_intSend
87e288c0   _HAL_intEnable
87e288ec   _HAL_intDisable
87e28918   _HAL_intClear
87e28940   _SHMDRV_init
87e28954   _SHMDRV_handshake
87e28a20   __cmpd
87e28b00   _atoi
87e28be0   _exit
87e28cc0   _memset
87e28da0   _DSPLINK_init
87e28e60   __divu
87e28f20   _modf
87e290a0   _NOTIFY_init
87e29160   _DSPLINKIPS_init
87e29200   _DSPLINKPOOL_init
87e292a0   __frcmpyf_div
87e29340   __remu
87e293e0   _memcpy
87e29480   __cmpf
87e29500   __fixdi
87e29580   __fixfu
87e29600   __llshl
87e29680   __renormd
87e29700   __cvtfd
87e29760   __frcmpyf
87e297c0   __llshru
87e29820   __subcull
87e29880   _DSPLINKDATA_init
87e298c0   _DSPLINKMQT_init
87e29900   __fltuf
87e29940   __subd
87e29980   _llabs
87e299c0   _HAL_init
87e299e8   _HAL_exit
87e29a20   __negll
87e29a40   __nop
87e29a60   __register_lock
87e29a80   __register_unlock
87e29aa0   C$$EXIT
87e29aa0   _abort
87e29ac0   _EXC_nmi
87e29ac0   ___etext__
87e29ac0   etext
87e29af4   _EXC_internal
87e29da0   _EXC_init
87e29de0   _EXC_getLastStatus
87e29e00   _EXC_external
87e29e34   _EXC_exceptionHandler
87e29fb0   _EXC_clearLastStatus
87e29fe0   CLK_HOOKFXN
87e29fe0   HWI_F_dispatch
87e29fe0   _HWI_F_dispatch
87e29fe0   __HWI_lat1beg
87e2a168   __HWI_lat1end
87e2a168   __HWI_lat2beg
87e2a2d0   __HWI_lat2end2
87e2a300   __HWI_lat3end2
87e2a344   __HWI_lat2end1
87e2a360   __HWI_lat3beg
87e2a4c0   SWI_F_enable
87e2a4c0   __SWI_lat3beg
87e2a52c   __SWI_lat3end
87e2a530   SWI_F_post
87e2a530   _SWI_post
87e2a638   __SWI_lat1beg
87e2a6a4   SWI_EXECFXN
87e2a6a4   SWI_F_exec
87e2a6cc   SWI_F_iexec
87e2a6e4   __SWI_lat1end
87e2a6e8   __SWI_lat2beg
87e2a748   __SWI_lat2end
87e2a74c   SWI_F_run
87e2a74c   SWI_RUNFXN
87e2a980   PRD_F_swi
87e2ac04   PRD_F_tick
87e2ad00   _TSK_create
87e2b040   _free
87e2b068   _malloc
87e2b0cc   _realloc
87e2b198   _memalign
87e2b278   _calloc
87e2b2e0   _KNL_run
87e2b520   _SEM_pendEnterKnl
87e2b720   _CLK_stop
87e2b784   _CLK_start
87e2b920   _MEM_alloc
87e2bb00   _C62_plug
87e2bb00   _C64_plug
87e2bb08   _C62_dispatchPlug
87e2bb08   _C64_dispatchPlug
87e2bce0   _EXC_dispatch
87e2bea4   _EXC_setReturnPtr
87e2c08c   PRD_THOOKFXN
87e2c08c   _KNL_tick
87e2c0a0   _MEM_free
87e2c260   __SEM_dopost
87e2c420   CLK_F_getltime
87e2c430   CLK_F_isr
87e2c580   CLK_F_itime
87e2c580   _CLK_F_itime
87e2c580   _CLK_itime
87e2c59c   __CLK_lat1beg
87e2c5c0   __CLK_lat1end
87e2c5e0   _TSK_setup
87e2c780   _KNL_saveIsrFrame
87e2c82c   _KNL_switch
87e2c8d8   KNL_glue
87e2c900   __auto_init
87e2ca40   _KNL_ready
87e2cb80   _TSK_exit
87e2ccc0   _BCACHE_setSize
87e2cd04   _BCACHE_setMar
87e2cd54   _BCACHE_bootInit
87e2cd54   _BCACHE_setCacheToSram
87e2cd84   _BCACHE_getSize
87e2cdd4   _BCACHE_getMar
87e2ce2c   _CLK_reconfig
87e2cfa4   _GBL_cacheInit64P
87e2d060   _KNL_check
87e2d0ac   __KNL_lat1beg
87e2d128   _KNL_idle
87e2d128   __KNL_lat1end
87e2d150   _KNL_max
87e2d224   _TSK_startup
87e2d36c   _BCACHE_wbInv
87e2d380   _BCACHE_wb
87e2d390   _BCACHE_inv
87e2d3a0   _SEM_post
87e2d3a0   _SEM_postBinary
87e2d480   _KNL_exit
87e2d4c0   _KNL_enter
87e2d540   _KNL_start
87e2d5e0   _SEM_postEnterKnl
87e2d680   _SYS_exit
87e2d720   _HWI_dispatchPlug
87e2d7a0   _HWI_eventMap
87e2d820   _KNL_ipost
87e2d8a0   _KNL_post
87e2d920   _LCK_post
87e2d940   _LCK_pend
87e2d9a0   LOG_F_event
87e2d9a0   _LOG_event
87e2d9a0   __LOG_lat1beg
87e2da20   _OBJ_create
87e2daec   _BCACHE_wbInvAll
87e2db00   _BCACHE_wbAll
87e2db10   _BCACHE_invL1pAll
87e2db20   _BCACHE_wait
87e2dba0   _MEM_valloc
87e2dc00   _SYS_error
87e2dc60   FXN_F_nop
87e2dc64   FXN_F_run
87e2dc64   _FXN_F_run
87e2dca0   FXN_F_zero
87e2dca0   _FXN_F_zero
87e2dcc0   _HWI_disable
87e2dcd8   _HWI_enable
87e2dcec   _HWI_restore
87e2dd20   _OBJ_delete
87e2dd80   _SEM_pend
87e2dde0   STS_F_delta
87e2dde0   _STS_delta
87e2de0c   STS_F_add
87e2de0c   _STS_add
87e2de28   STS_F_reset
87e2de28   _STS_reset
87e2de40   _SWI_disable
87e2de64   _SWI_enable
87e2dea0   _SYS_abort
87e2df00   SYS_PUTCFXN
87e2df00   _UTL_doPutc
87e2df60   _C62_disableIER
87e2df60   _C64_disableIER
87e2df78   _C62_enableIER
87e2df78   _C64_enableIER
87e2df8c   _C62_clearIFR
87e2df8c   _C64_clearIFR
87e2dfa0   _QUE_get
87e2dfa0   __QUE_lat1beg
87e2dfc0   __QUE_lat1end
87e2dfc8   _QUE_put
87e2dfc8   __QUE_lat2beg
87e2dfd4   __QUE_lat2end
87e2dfe0   SYS_ABORTFXN
87e2dfe0   _UTL_doAbort
87e2e020   GBL_USERINITFXN
87e2e020   GIO_CREATEFXN
87e2e020   GIO_DELETEFXN
87e2e020   GIO_PENDFXN
87e2e020   GIO_POSTFXN
87e2e020   PWRM_PWRM_SHAREDRESOURCEFXN
87e2e020   PWRM_PWRM_SLOTHOOKFXN
87e2e020   TSK_VCREATEFXN
87e2e020   TSK_VDELETEFXN
87e2e020   TSK_VEXITFXN
87e2e020   _FXN_F_nop
87e2e040   _GBL_getVersion
87e2e060   _HOOK_setenv
87e2e080   IDL_F_loop
87e2e080   _IDL_loop
87e2e0a0   _STS_set
87e2e0c0   SYS_ERRORFXN
87e2e0c0   _UTL_doError
87e2e0e0   SYS_EXITFXN
87e2e0e0   _UTL_halt
87e2e100   CLK_TIMEFXN
87e2e100   _CLK_gethtime
87e2e120   GBL_stackbeg
87e2e120   _HWI_STKTOP
87e2e120   __stack
87e2f118   _HWI_STKBOTTOM
87e2f11f   GBL_stackend
87e2f120   ___cinit__
87e2f120   cinit
87e2fcf4   TRC_cinit
87e2fcf8   TRC_R_mask
87e2fcf8   _TRC_R_mask
87e2fcfc   GBL_initdone
87e2fd00   BIOS_init
87e2fd00   _BIOS_init
87e2ff4c   BIOS_start
87e2ff4c   _BIOS_start
87e2ffe0   _POOL_init
87e30100   _c_int00
87e301c0   _MEM_init
87e30260   _TSK_init
87e302c0   _OBJ_init
87e30400   _KNL_queues
87e304a0   _KNL_dummy
87e304d8   _DSPLINKPOOL_ctrlPtr
87e30558   _TSK_ATTRS
87e30574   _TSK_config
87e30594   _TSK_timerSem
87e305b4   __BCACHE_emifAddr
87e305b8   _OBJ_table
87e305f0   _OBJ_segtab
87e3060c   __TSK_mutex
87e30634   __MEM_mutex
87e3065c   _CLK_inputClock
87e30660   _SYS_exitStack
87e30680   _SamplePoolParams
87e30688   _pool_notify_Pools
87e30698   _POOL_config
87e306b4   _EXC_status
87e306d4   _buf
87e306d8   _length
87e306dc   _cols
87e306e4   _HWI_ATTRS
87e306fc   __BCACHE_readTable
87e30708   __cleanup_ptr
87e3070c   __dtors_ptr
87e30710   ___TI_enable_exit_profile_output
87e30714   _MPCSXFER_BufferSize
87e30718   _MPCSXFER_NumIterations
87e3071c   _MPCS_ctrlPtr
87e30720   _MPCS_csObj
87e30724   _MPLIST_ctrlPtr
87e30728   _MPLIST_mpcsObj
87e3072c   _NOTIFY_ctrlPtr
87e30730   _NOTIFY_numIps
87e30734   _RingIO_ctrlPtr
87e30738   _RingIO_mpcsObj
87e3073c   __lock
87e30740   __unlock
87e30750   _DSPLINKDATA_ctrlPtr
87e30758   _DSPLINKMQT_ctrlPtr
87e3075c   _CLK_gptimer_enablemask
87e30764   IDL_A_TABBEG
87e30764   IDL_END
87e30900   __ctypes_
87e30b64   _SMAPOOL_FXNS
87e30b81   KNL_swi$sts$maxfmt
87e30b84   IDL_A_CALBEG
87e30b84   IDL_END$
87e30b88   TSK_idle$stack
87e30b89   KNL_swi$sts$sumfmt
87e30b91   KNL_swi$sts$avgfmt
87e30f20   TSK_idle$stkptr
87e30f88   $bss
87e30f88   .bss
87e30f88   _HWI_dispatchTab
87e30f88   ___bss__
87e31088   IDL_D_tabbeg
87e3108c   IDL_D_calibrate
87e31090   IDL_D_calbeg
87e31094   LOG_D_system
87e31094   _LOG_D_system
87e31098   PIP_D_tabbeg
87e3109c   PIP_D_tablen
87e310a0   CLK_R_time
87e310a4   CLK_D_timefxn
87e310a8   CLK_D_tabbeg
87e310ac   CLK_D_isrhook
87e310b0   CLK_D_idletime
87e310b4   _CLK_htimeDiv
87e310b8   _CLK_htimeMult
87e310bc   _CLK_ltimeDiv
87e310c0   _CLK_ltimeMult
87e310c4   _CLK_D_dirty
87e310c8   _CLK_D_prd
87e310cc   _CLK_D_tddr
87e310d0   _CLK_D_countspms
87e310d4   PRD_D_tick
87e310d4   _PRD_D_tick
87e310d8   PRD_D_cur
87e310dc   PRD_D_elapsed
87e310e0   PRD_D_prevtim
87e310e4   PRD_D_scalar
87e310e8   PRD_D_swihandle
87e310ec   PRD_D_tabbeg
87e310f0   PRD_D_tablen
87e310f4   PRD_D_thook
87e310f8   RTA_D_fromHost
87e310fc   RTA_D_toHost
87e31100   RTA_D_logval
87e31110   RTA_D_stsval
87e3111c   HST_D_chanmask
87e31120   HST_D_tabbeg
87e31124   HST_D_tabend
87e31128   _GBL_procId
87e3112c   _GBL_clkIn
87e31130   _GBL_freq
87e31134   _MEM_D_NUMSEGMENTS
87e31138   _MEM_D_memtab
87e3113c   _MEM_D_freelist
87e31140   _MEM_D_lockaddr
87e31144   _MEM_D_unlockaddr
87e31148   _SYS
87e3114c   __HOOK_knlId
87e31150   __HOOK_NUMHOOKS
87e31154   SWI_D_runaddr
87e31154   _SWI_D_runaddr
87e31154   _SWI_data
87e31158   SWI_D_execaddr
87e31158   _SWI_D_execaddr
87e3115c   SWI_D_curmask
87e3115c   _SWI_D_curmask
87e31160   SWI_D_curset
87e31160   _SWI_D_curset
87e31164   SWI_D_lock
87e31164   _SWI_D_lock
87e31168   SWI_D_curmbox
87e3116c   SWI_D_curfxn
87e3116c   _SWI_D_curfxn
87e31170   SWI_D_rdybeg
87e31170   _SWI_D_rdybeg
87e31174   SWI_D_inswi
87e31174   _SWI_D_inswi
87e31178   SWI_D_rdytab
87e311f0   _KNL_wFlag
87e311f4   _KNL_wList
87e311f8   _KNL_alarm
87e311fc   _KNL_setpri
87e31200   _KNL_inactive
87e31204   _KNL_priority
87e31208   _KNL_set
87e3120c   _KNL_curtask
87e31210   _KNL_prevtask
87e31214   _KNL_curtime
87e31218   _KNL_swiptr
87e3121c   _KNL_curqueue
87e31220   _KNL_maxqueue
87e31224   _KNL_tswitchfxn
87e31228   _KNL_tcreatefxn
87e3122c   _KNL_tdeletefxn
87e31230   _KNL_treadyfxn
87e31234   _KNL_idlefxn
87e31238   _EXC_sysTrapTable
87e31240   _EXC_returnPtr
87e31258   HWI_D_spsave
87e31258   _HWI_D_spsave
87e31258   _HWI_data
87e31264   _HWI_D_inhwi
87e31268   HWI_D_bss
87e3126c   HWI_D_ccmask
87e31270   _EXC_exceptionHook
87e31274   _EXC_internalHook
87e31278   _EXC_externalHook
87e3127c   _EXC_nmiHook
87e31280   _MEM_memtab
87e3128c   DDR2
87e3128c   HST_DSMBUFSEG
87e3128c   MEM_MALLOCSEG
87e3128c   MEM_SEGZERO
87e3128c   RTDX_DATAMEMSEG
87e3128c   TSK_STACKSEG
87e3128c   _DDR2
87e31290   _TSK_nTasks
87e31294   _TSK_pid
87e31298   _TSK
87e3129c   _CLK_DFLTMICROSECS
87e312a0   _CLK_D_microseconds
87e312a4   _SYS_exitStackPtr
87e312a8   _SYS_exitStackTop
87e312ac   _CLK_htimePerLtime
87e312b4   _MEM
87e312b8   _POOL
87e312be   ___end__
87e312be   end
87e312f4   CLK_A_TABBEG
87e312f4   PRD_clock
87e312f4   _PRD_clock
87e312f8   CLK_null
87e31300   LOG_system$buf
87e31400   HWI_A_VECS
87e31400   hwi0
87e31420   hwi1
87e31440   hwi2
87e31460   hwi3
87e31480   hwi4
87e314a0   hwi5
87e314c0   hwi6
87e314e0   hwi7
87e31500   hwi8
87e31520   hwi9
87e31540   hwi10
87e31560   hwi11
87e31580   hwi12
87e315a0   hwi13
87e315c0   hwi14
87e315e0   hwi15
87e31600   _SYS_PUTCBEG
87e317ff   _SYS_PUTCEND
87e31800   _DSPLINK_shmBaseAddress
87e31808   _DSPLINK_shmBaseAddress_pad
87e31890   TSK_idle
87e31890   _TSK_idle
87e318e4   KNL_swi$sts$stsobj
87e318e4   STS_A_TABBEG
87e318e4   _STS_A_TABBEG
87e318e8   KNL_swi$sts
87e318f4   STS_A_TABEND
87e318f4   _STS_A_TABEND
87e31900   trace$buf
87e319d0   LOG_A_TABBEG
87e319d0   LOG_system
87e319d0   _LOG_A_TABBEG
87e319d0   _LOG_system
87e319e8   _trace
87e319e8   trace
87e31a00   KNL_swi
87e31a00   LOG_A_TABEND
87e31a00   SWI_A_TABBEG
87e31a00   _KNL_swi
87e31a00   _LOG_A_TABEND
87e31a2c   SWI_A_TABEND
87e31a3c   SYS$config
ffffffff   CACHE_L1D
ffffffff   CACHE_L1P
ffffffff   CACHE_L2
ffffffff   DSPLINKMEM
ffffffff   ECM_EVTMASK0
ffffffff   ECM_EVTMASK1
ffffffff   ECM_EVTMASK2
ffffffff   ECM_EVTMASK3
ffffffff   IRAM
ffffffff   L1DSRAM
ffffffff   POOLMEM
ffffffff   RESET_VECTOR
ffffffff   _CACHE_L1D
ffffffff   _CACHE_L1P
ffffffff   _CACHE_L2
ffffffff   _DSPLINKMEM
ffffffff   _IRAM
ffffffff   _L1DSRAM
ffffffff   _POOLMEM
ffffffff   _RESET_VECTOR
ffffffff   ___TI_pprof_out_hndl
ffffffff   ___TI_prof_data_size
ffffffff   ___TI_prof_data_start
ffffffff   ___binit__
ffffffff   ___c_args__
ffffffff   ___pinit__
ffffffff   binit
ffffffff   pinit

[1048 symbols]
