******************************************************************************
               TMS320C6x Linker Unix v6.1.17                   
******************************************************************************
>> Linked Sun May 31 20:51:52 2015

OUTPUT FILE NAME:   <Debug/pool_notify.out>
ENTRY POINT SYMBOL: "_c_int00"  address: 87e362c0


MEMORY CONFIGURATION

         name            origin    length      used     unused   attr    fill
----------------------  --------  ---------  --------  --------  ----  --------
  IRAM                  107f8000   00010000  00000000  00010000  RWIX
  CACHE_L2              10808000   00008000  00000000  00008000  RWIX
  CACHE_L1P             10e04000   00004000  00000000  00004000  RWIX
  L1DSRAM               10f04000   00004000  00000000  00004000  RWIX
  CACHE_L1D             10f10000   00008000  00000000  00008000  RWIX
  RESET_VECTOR          87e00000   00000080  00000000  00000080  RWIX
  DDR2                  87e00080   000fff80  00037899  000c86e7  RWIX
  DSPLINKMEM            87f00000   00030000  00000000  00030000  RWIX
  POOLMEM               87f30000   000d0000  00000000  000d0000  RWIX


SECTION ALLOCATION MAP

 output                                  attributes/
section   page    origin      length       input sections
--------  ----  ----------  ----------   ----------------
.vers      0    00000000    00000040     COPY SECTION
                  00000000    00000040     pool_notifycfg.obj (.vers)

.pinit     0    87e00080    00000000     UNINITIALIZED

.prd       0    87e00080    00000000     UNINITIALIZED

.data      0    87e00080    00000000     UNINITIALIZED

.hst       0    87e00080    00000000     UNINITIALIZED

.pip       0    87e00080    00000000     UNINITIALIZED

.DDR2$heap 
*          0    87e00080    00020000     UNINITIALIZED
                  87e00080    00020000     --HOLE--

.text      0    87e20080    0000f380     
                  87e20080    00004ba0     dsplinkringio.lib : _ringio.obj (.text)
                  87e24c20    000019c0     dsplink.lib : ips.obj (.text)
                  87e265e0    00001500     dsplinkmpcs.lib : mpcs.obj (.text)
                  87e27ae0    00000e40     task.obj (.text)
                  87e28920    000009a0     rts64plus.lib : pow.obj (.text:_pow)
                  87e292c0    000009a0     dsplinkpool.lib : sma_pool.obj (.text)
                  87e29c60    000008c0     dsplink.lib : dsplink.obj (.text)
                  87e2a520    000007e0     rts64plus.lib : divd.obj (.text:__divd)
                  87e2ad00    00000740     dsplinkmpcs.lib : _mpcs.obj (.text)
                  87e2b440    00000520     dsplinknotify.lib : notify.obj (.text)
                  87e2b960    00000500     rts64plus.lib : divf.obj (.text:__divf)
                  87e2be60    00000300                   : addf.obj (.text:__addf)
                  87e2c160    000002e0     dsplinkmplist.lib : _mplist.obj (.text)
                  87e2c440    00000260     rts64plus.lib : mpyd.obj (.text:__mpyd)
                  87e2c6a0    00000260                   : sqrt.obj (.text:_sqrt)
                  87e2c900    00000240                   : addd.obj (.text:__addd)
                  87e2cb40    00000220                   : frcaddd.obj (.text:__frcaddd)
                  87e2cd60    00000200                   : frcmpyd_div.obj (.text:__frcmpyd_div)
                  87e2cf60    00000200                   : mpyf.obj (.text:__mpyf)
                  87e2d160    000001e0                   : ldexp.obj (.text:_ldexp)
                  87e2d340    000001c0     dsplink.lib : hal_interrupt.obj (.text:DSPLINK_init)
                  87e2d500    000001a0     rts64plus.lib : frexp.obj (.text:_frexp)
                  87e2d6a0    00000180     dsplink.lib : hal_interrupt.obj (.text)
                  87e2d820    00000160                 : dsplinkips.obj (.text:DSPLINK_init)
                  87e2d980    00000160     dsp_main.obj (.text)
                  87e2dae0    00000140     dsplinknotify.lib : _notify.obj (.text)
                  87e2dc20    00000120     dsplink.lib : shm_drv.obj (.text:DSPLINK_init)
                  87e2dd40    00000120     rts64plus.lib : frcmpyd.obj (.text:__frcmpyd)
                  87e2de60    00000100     dsplink.lib : dsplink.obj (.text:DSPLINK_init)
                  87e2df60    00000100     rts64plus.lib : round.obj (.text:__nround)
                  87e2e060    000000e0                   : cmpd.obj (.text:__cmpd)
                  87e2e140    000000e0                   : atoi.obj (.text:_atoi)
                  87e2e220    000000e0                   : exit.obj (.text:_exit)
                  87e2e300    000000e0                   : memset.obj (.text:_memset)
                  87e2e3e0    000000c0     dsplinkpool.lib : dsplinkpool.obj (.text:DSPLINK_init)
                  87e2e4a0    000000c0     rts64plus.lib : divu.obj (.text:__divu)
                  87e2e560    000000c0                   : modf.obj (.text:_modf)
                  87e2e620    000000c0     bios.a64P : tsk_stup.o64P (.text)
                  87e2e6e0    000000c0     dsplink.lib : failure.obj (.text)
                  87e2e7a0    000000a0     dsplinkdata.lib : dsplinkdata.obj (.text:DSPLINK_init)
                  87e2e840    000000a0     dsplinkmsg.lib : dsplinkmqt.obj (.text:DSPLINK_init)
                  87e2e8e0    000000a0     rts64plus.lib : cvtdf.obj (.text:__cvtdf)
                  87e2e980    000000a0                   : frcmpyf_div.obj (.text:__frcmpyf_div)
                  87e2ea20    000000a0                   : remu.obj (.text:__remu)
                  87e2eac0    000000a0                   : memcpy64.obj (.text:_memcpy)
                  87e2eb60    000000a0                   : strncpy.obj (.text:_strncpy)
                  87e2ec00    00000080                   : cmpf.obj (.text:__cmpf)
                  87e2ec80    00000080                   : fixdi.obj (.text:__fixdi)
                  87e2ed00    00000080                   : fixfu.obj (.text:__fixfu)
                  87e2ed80    00000080                   : renormd.obj (.text:__renormd)
                  87e2ee00    00000060                   : cvtfd.obj (.text:__cvtfd)
                  87e2ee60    00000060                   : fltid.obj (.text:__fltid)
                  87e2eec0    00000060                   : fltif.obj (.text:__fltif)
                  87e2ef20    00000060                   : frcmpyf.obj (.text:__frcmpyf)
                  87e2ef80    00000060                   : ceil.obj (.text:_ceil)
                  87e2efe0    00000060                   : strcpy.obj (.text:_strcpy)
                  87e2f040    00000060                   : strncmp.obj (.text:_strncmp)
                  87e2f0a0    00000060     dsplink.lib : shm_drv.obj (.text)
                  87e2f100    00000040     rts64plus.lib : divd.obj (.text:___isnan)
                  87e2f140    00000040                   : fltuf.obj (.text:__fltuf)
                  87e2f180    00000040                   : negd.obj (.text:__negd)
                  87e2f1c0    00000040                   : subd.obj (.text:__subd)
                  87e2f200    00000040     dsplink.lib : dsplinkips.obj (.text)
                  87e2f240    00000040                 : hal.obj (.text)
                  87e2f280    00000040     dsplinkdata.lib : dsplinkdata.obj (.text)
                  87e2f2c0    00000040     dsplinkmsg.lib : dsplinkmqt.obj (.text)
                  87e2f300    00000040     dsplinkpool.lib : dsplinkpool.obj (.text)
                  87e2f340    00000020     rts64plus.lib : divf.obj (.text:___isnanf)
                  87e2f360    00000020                   : _lock.obj (.text:__nop)
                  87e2f380    00000020                   : _lock.obj (.text:__register_lock)
                  87e2f3a0    00000020                   : _lock.obj (.text:__register_unlock)
                  87e2f3c0    00000020                   : trunc.obj (.text:__trunc)
                  87e2f3e0    00000020                   : exit.obj (.text:_abort)

.bios      0    87e2f400    00004660     
                  87e2f400    00000520     bios.a64P : exc.o64P (.bios)
                  87e2f920    000004e0               : hwi_disp_asm.o64P (.bios)
                  87e2fe00    000004c0               : swi.o64P (.bios)
                  87e302c0    00000380               : prd.o64P (.bios)
                  87e30640    00000340               : tsk_crea.o64P (.bios)
                  87e30980    000002a0               : malloc.o64P (.bios)
                  87e30c20    00000240               : knl_run.o64P (.bios)
                  87e30e60    00000200               : sem_pend.o64P (.bios)
                  87e31060    00000200     bios3430.a64P : clk2430.o64P (.bios)
                  87e31260    000001e0     bios.a64P : mem_allo.o64P (.bios:.near)
                  87e31440    000001e0               : c62_plug.o64P (.bios)
                  87e31620    000001e0               : exc_asm.o64P (.bios)
                  87e31800    000001e0               : knl_tick.o64P (.bios)
                  87e319e0    000001c0               : mem_free.o64P (.bios:.near)
                  87e31ba0    000001c0               : sem_dopo.o64P (.bios)
                  87e31d60    000001c0     bios3430.a64P : clk.o64P (.bios)
                  87e31f20    000001a0     bios.a64P : tsk_setu.o64P (.bios)
                  87e320c0    00000180               : knl_swit.o64P (.bios)
                  87e32240    00000140               : autoinit.o64P (.bios)
                  87e32380    00000140               : knl_read.o64P (.bios)
                  87e324c0    00000140               : tsk_exit.o64P (.bios)
                  87e32600    00000140     bios3430.a64P : bcache_init.o64P (.bios)
                  87e32740    00000140                   : clk2430_reconfig.o64P (.bios)
                  87e32880    00000120     bios.a64P : gbl_cacheinit64P.o64P (.bios)
                  87e329a0    00000120               : knl_chec.o64P (.bios)
                  87e32ac0    00000120               : tsk_stup.o64P (.bios)
                  87e32be0    00000100     bios3430.a64P : bcache_block.o64P (.bios)
                  87e32ce0    000000e0     bios.a64P : sem_post_asm.o64P (.bios)
                  87e32dc0    000000c0               : knl_exit.o64P (.bios)
                  87e32e80    000000a0               : knl_star.o64P (.bios)
                  87e32f20    000000a0               : sem_post.o64P (.bios)
                  87e32fc0    000000a0               : sys_exit.o64P (.bios)
                  87e33060    00000080               : hwi_disp.o64P (.bios)
                  87e330e0    00000080               : hwi_eventmap64P.o64P (.bios)
                  87e33160    00000080               : knl_ipos.o64P (.bios)
                  87e331e0    00000080               : knl_post.o64P (.bios)
                  87e33260    00000080               : lck.o64P (.bios)
                  87e332e0    00000080               : log.o64P (.bios)
                  87e33360    00000080               : obj_crea.o64P (.bios)
                  87e333e0    00000080     bios3430.a64P : bcache_all.o64P (.bios)
                  87e33460    00000080                   : bcache_wait.o64P (.bios)
                  87e334e0    00000060     bios.a64P : mem_vall.o64P (.bios:.near)
                  87e33540    00000060               : sys_erro.o64P (.bios:.near)
                  87e335a0    00000060               : fxn.o64P (.bios)
                  87e33600    00000060               : hwi_c.o64P (.bios)
                  87e33660    00000060               : obj_dele.o64P (.bios)
                  87e336c0    00000060               : sem_pend_counting.o64P (.bios)
                  87e33720    00000060               : sts.o64P (.bios)
                  87e33780    00000060               : swi_disable.o64P (.bios)
                  87e337e0    00000060               : sys_abor.o64P (.bios)
                  87e33840    00000060               : utl_putc.o64P (.bios)
                  87e338a0    00000040               : c62_c.o64P (.bios)
                  87e338e0    00000040               : que_get.o64P (.bios)
                  87e33920    00000040               : utl_doab.o64P (.bios)
                  87e33960    00000020               : fxn_c.o64P (.bios)
                  87e33980    00000020               : gbl_vers.o64P (.bios)
                  87e339a0    00000020               : hook_setenv.o64P (.bios)
                  87e339c0    00000020               : idl.o64P (.bios)
                  87e339e0    00000020               : sts_set.o64P (.bios)
                  87e33a00    00000020               : utl_doer.o64P (.bios)
                  87e33a20    00000020               : utl_halt.o64P (.bios)
                  87e33a40    00000020     bios3430.a64P : clk2430_gethtime.o64P (.bios)

.stack     0    87e33a60    00001000     UNINITIALIZED
                  87e33a60    00001000     --HOLE--

.cinit     0    87e34a60    00000d44     
                  87e34a60    0000030c     pool_notifycfg.obj (.cinit)
                  87e34d6c    00000004     --HOLE-- [fill = 0]
                  87e34d70    0000026c     bios.a64P : biosdata.o64P (.cinit)
                  87e34fdc    00000004     --HOLE-- [fill = 0]
                  87e34fe0    000001a4               : knl.o64P (.cinit)
                  87e35184    00000004     --HOLE-- [fill = 0]
                  87e35188    00000140     rts64plus.lib : pow.obj (.cinit)
                  87e352c8    000000b0     bios.a64P : swi.o64P (.cinit)
                  87e35378    00000070               : tsk.o64P (.cinit)
                  87e353e8    00000060               : tsk_stup.o64P (.cinit)
                  87e35448    0000003c               : exc.o64P (.cinit)
                  87e35484    00000004     --HOLE-- [fill = 0]
                  87e35488    00000038     pool_notify_config.obj (.cinit)
                  87e354c0    00000034     bios.a64P : hwi.o64P (.cinit)
                  87e354f4    00000004     --HOLE-- [fill = 0]
                  87e354f8    0000002c               : utl_putc.o64P (.cinit)
                  87e35524    00000004     --HOLE-- [fill = 0]
                  87e35528    0000002c     rts64plus.lib : exit.obj (.cinit)
                  87e35554    00000004     --HOLE-- [fill = 0]
                  87e35558    00000028     dsplink.lib : ips.obj (.cinit)
                  87e35580    00000024     bios.a64P : obj_init.o64P (.cinit)
                  87e355a4    00000004     --HOLE-- [fill = 0]
                  87e355a8    0000001c               : exc_asm.o64P (.cinit)
                  87e355c4    00000004     --HOLE-- [fill = 0]
                  87e355c8    0000001c               : sys.o64P (.cinit)
                  87e355e4    00000004     --HOLE-- [fill = 0]
                  87e355e8    0000001c     dsplinkmpcs.lib : _mpcs.obj (.cinit)
                  87e35604    00000004     --HOLE-- [fill = 0]
                  87e35608    0000001c     dsplinkmplist.lib : _mplist.obj (.cinit)
                  87e35624    00000004     --HOLE-- [fill = 0]
                  87e35628    0000001c     dsplinknotify.lib : _notify.obj (.cinit)
                  87e35644    00000004     --HOLE-- [fill = 0]
                  87e35648    0000001c     dsplinkringio.lib : ringio.obj (.cinit)
                  87e35664    00000004     --HOLE-- [fill = 0]
                  87e35668    0000001c     rts64plus.lib : _lock.obj (.cinit)
                  87e35684    00000004     --HOLE-- [fill = 0]
                  87e35688    00000018     bios.a64P : knl_tick.o64P (.cinit)
                  87e356a0    00000014               : hwi_disp.o64P (.cinit)
                  87e356b4    00000004     --HOLE-- [fill = 0]
                  87e356b8    00000014     bios3430.a64P : bcache_table.o64P (.cinit)
                  87e356cc    00000004     --HOLE-- [fill = 0]
                  87e356d0    00000010     rts64plus.lib : divd.obj (.cinit)
                  87e356e0    00000010                   : divf.obj (.cinit)
                  87e356f0    0000000c     bios.a64P : knl_star.o64P (.cinit)
                  87e356fc    00000004     --HOLE-- [fill = 0]
                  87e35700    0000000c               : knl_swit.o64P (.cinit)
                  87e3570c    00000004     --HOLE-- [fill = 0]
                  87e35710    0000000c               : pool.o64P (.cinit)
                  87e3571c    00000004     --HOLE-- [fill = 0]
                  87e35720    0000000c     bios3430.a64P : bcache_wait.o64P (.cinit)
                  87e3572c    00000004     --HOLE-- [fill = 0]
                  87e35730    0000000c     dsplink.lib : failure.obj (.cinit)
                  87e3573c    00000004     --HOLE-- [fill = 0]
                  87e35740    0000000c                 : shm_drv.obj (.cinit)
                  87e3574c    00000004     --HOLE-- [fill = 0]
                  87e35750    0000000c     dsplinkmsg.lib : dsplinkmqt.obj (.cinit)
                  87e3575c    00000004     --HOLE-- [fill = 0]
                  87e35760    0000000c     rts64plus.lib : errno.obj (.cinit)
                  87e3576c    00000004     --HOLE-- [fill = 0]
                  87e35770    0000000c     task.obj (.cinit)
                  87e3577c    00000004     --HOLE-- [fill = 0]
                  87e35780    0000000a     bios.a64P : pool_init.o64P (.cinit)
                  87e3578a    00000006     --HOLE-- [fill = 0]
                  87e35790    0000000a     dsplink.lib : dsplink.obj (.cinit)
                  87e3579a    00000006     --HOLE-- [fill = 0]
                  87e357a0    00000004     (.pad.cinit) [fill = 0]

.idl       0    87e357a4    00000004     UNINITIALIZED
                  87e357a4    00000004     pool_notifycfg.obj (.idl)

.const     0    87e357a8    000006ed     
                  87e357a8    00000193     bios.a64P : exc.o64P (.const)
                  87e3593b    00000004               : mem_allo.o64P (.const)
                  87e3593f    00000001     --HOLE-- [fill = 0]
                  87e35940    00000101     rts64plus.lib : ctype.obj (.const:__ctypes_)
                  87e35a41    00000003     --HOLE-- [fill = 0]
                  87e35a44    00000050     dsplinkpool.lib : sma_pool.obj (.const:.string)
                  87e35a94    0000004e     bios.a64P : pool_init.o64P (.const)
                  87e35ae2    0000004e               : tsk_stup.o64P (.const)
                  87e35b30    0000004c     dsplinkringio.lib : _ringio.obj (.const:.string)
                  87e35b7c    00000044     dsplinkmpcs.lib : _mpcs.obj (.const:.string)
                  87e35bc0    00000040                     : mpcs.obj (.const:.string)
                  87e35c00    0000003c     dsplink.lib : dsplink.obj (.const:.string)
                  87e35c3c    0000003c                 : shm_drv.obj (.const:.string)
                  87e35c78    00000038                 : dsplinkips.obj (.const:.string)
                  87e35cb0    00000038                 : ips.obj (.const:.string)
                  87e35ce8    00000038     dsplinkdata.lib : dsplinkdata.obj (.const:.string)
                  87e35d20    00000038     dsplinkmsg.lib : dsplinkmqt.obj (.const:.string)
                  87e35d58    00000034     dsplinknotify.lib : _notify.obj (.const:.string)
                  87e35d8c    00000034                       : notify.obj (.const:.string)
                  87e35dc0    00000034     dsplinkringio.lib : ringio.obj (.const:.string)
                  87e35df4    00000028     dsplink.lib : failure.obj (.const:.string)
                  87e35e1c    00000023     bios.a64P : utl_doab.o64P (.const)
                  87e35e3f    00000022               : utl_doer.o64P (.const)
                  87e35e61    00000003     --HOLE-- [fill = 0]
                  87e35e64    0000001c     dsplinkmplist.lib : _mplist.obj (.const:.string)
                  87e35e80    00000010     dsplinkpool.lib : sma_pool.obj (.const)
                  87e35e90    00000004     bios.a64P : mem_free.o64P (.const)
                  87e35e94    00000001               : tsk.o64P (.const)

.printf    0    87e35e95    0000001a     COPY SECTION
                  87e35e95    0000001a     pool_notifycfg.obj (.printf)

.clk       0    87e35e98    00000008     UNINITIALIZED
                  87e35e98    00000008     pool_notifycfg.obj (.clk)

.sysinit   0    87e35ea0    00000600     
                  87e35ea0    00000300     pool_notifycfg.obj (.sysinit)
                  87e361a0    00000120     bios.a64P : pool_init.o64P (.sysinit)
                  87e362c0    000000c0               : boot.o64P (.sysinit)
                  87e36380    000000a0               : mem_init.o64P (.sysinit)
                  87e36420    00000060               : tsk_init.o64P (.sysinit)
                  87e36480    00000020               : obj_init.o64P (.sysinit)

.far       0    87e364a0    000005ba     UNINITIALIZED
                  87e364a0    00000120     dsplink.lib : ips.obj (.far)
                  87e365c0    00000120     rts64plus.lib : pow.obj (.far)
                  87e366e0    000000d8     bios.a64P : knl.o64P (.far)
                  87e367b8    00000080     dsplinkpool.lib : dsplinkpool.obj (.far)
                  87e36838    0000005c     bios.a64P : tsk.o64P (.far)
                  87e36894    00000004     bios3430.a64P : bcache_wait.o64P (.far)
                  87e36898    00000054     bios.a64P : obj_init.o64P (.far)
                  87e368ec    00000050               : tsk_stup.o64P (.far)
                  87e3693c    00000004     bios3430.a64P : clk2430_data.o64P (.far)
                  87e36940    00000020     bios.a64P : sys.o64P (.far)
                  87e36960    00000020     pool_notify_config.obj (.far)
                  87e36980    00000014     dsplink.lib : hal_interrupt.obj (.far)
                  87e36994    00000010     bios.a64P : exc.o64P (.far)
                  87e369a4    00000010               : knl_tick.o64P (.far)
                  87e369b4    00000010     dsplink.lib : failure.obj (.far)
                  87e369c4    0000000c     bios.a64P : hwi_disp.o64P (.far)
                  87e369d0    0000000c               : utl_putc.o64P (.far)
                  87e369dc    0000000c     bios3430.a64P : bcache_table.o64P (.far)
                  87e369e8    0000000c     rts64plus.lib : exit.obj (.far)
                  87e369f4    0000000c     task.obj (.far)
                  87e36a00    00000008     dsp_main.obj (.far)
                  87e36a08    00000008     dsplinkmpcs.lib : _mpcs.obj (.far)
                  87e36a10    00000008     dsplinkmplist.lib : _mplist.obj (.far)
                  87e36a18    00000008     dsplinknotify.lib : _notify.obj (.far)
                  87e36a20    00000008     dsplinkringio.lib : ringio.obj (.far)
                  87e36a28    00000008     rts64plus.lib : _lock.obj (.far)
                  87e36a30    00000008                   : divd.obj (.far)
                  87e36a38    00000008                   : divf.obj (.far)
                  87e36a40    00000004     dsplink.lib : shm_drv.obj (.far)
                  87e36a44    00000004     dsplinkdata.lib : dsplinkdata.obj (.far)
                  87e36a48    00000004     dsplinkmpcs.lib : mpcs.obj (.far)
                  87e36a4c    00000004     dsplinkmsg.lib : dsplinkmqt.obj (.far)
                  87e36a50    00000004     pool_notifycfg.obj (.far)
                  87e36a54    00000004     rts64plus.lib : errno.obj (.far)
                  87e36a58    00000002     dsplink.lib : dsplink.obj (.far)

.idlcal    0    87e36a5c    00000004     UNINITIALIZED
                  87e36a5c    00000004     pool_notifycfg.obj (.idlcal)

.TSK_idle$stk 
*          0    87e36a60    00000400     UNINITIALIZED
                  87e36a60    00000400     pool_notifycfg.obj (.TSK_idle$stk)

.bss       0    87e36e60    00000336     UNINITIALIZED
                  87e36e60    00000100     bios.a64P : hwi_disp_asm.o64P (.bss)
                  87e36f60    000000cc               : biosdata.o64P (.bss)
                  87e3702c    0000009c               : swi.o64P (.bss)
                  87e370c8    00000048               : knl.o64P (.bss)
                  87e37110    00000020               : exc_asm.o64P (.bss)
                  87e37130    00000018               : hwi.o64P (.bss)
                  87e37148    00000010               : exc.o64P (.bss)
                  87e37158    00000010     pool_notifycfg.obj (.bss)
                  87e37168    0000000c     bios.a64P : tsk.o64P (.bss)
                  87e37174    00000008               : clk_data.o64P (.bss)
                  87e3717c    00000008               : sys.o64P (.bss)
                  87e37184    00000004               : clk_data2.o64P (.bss)
                  87e37188    00000004               : knl_star.o64P (.bss)
                  87e3718c    00000004               : mem_asm.o64P (.bss)
                  87e37190    00000004               : pool.o64P (.bss)
                  87e37194    00000002               : pool_init.o64P (.bss)

.trace     0    87e37198    00000200     
                  87e37198    00000200     --HOLE-- [fill = 00000000]

.tsk       0    87e37398    00000060     UNINITIALIZED
                  87e37398    00000060     pool_notifycfg.obj (.tsk)

.mem       0    87e373f8    00000004     UNINITIALIZED
                  87e373f8    00000004     pool_notifycfg.obj (.mem)

.hwi_vec   0    87e37400    00000200     
                  87e37400    00000200     pool_notifycfg.obj (.hwi_vec)

.LOG_system$buf 
*          0    87e37600    00000100     UNINITIALIZED
                  87e37600    00000100     pool_notifycfg.obj (.LOG_system$buf)

.data:DSPLINK_shmBaseAddress 
*          0    87e37700    00000084     
                  87e37700    00000084     dsplink.lib : dsplink.obj (.data:DSPLINK_shmBaseAddress) [fill = c3f05000]

.args      0    87e37784    00000050     
                  87e37784    00000050     --HOLE-- [fill = 0]

.swi       0    87e377d4    0000002c     UNINITIALIZED
                  87e377d4    0000002c     pool_notifycfg.obj (.swi)

.trace$buf 
*          0    87e37800    00000080     UNINITIALIZED
                  87e37800    00000080     pool_notifycfg.obj (.trace$buf)

.gblinit   0    87e37880    00000034     
                  87e37880    00000034     pool_notifycfg.obj (.gblinit)

.log       0    87e378b4    00000030     
                  87e378b4    00000030     pool_notifycfg.obj (.log)

.switch    0    87e378e4    00000014     
                  87e378e4    00000014     dsplinkringio.lib : _ringio.obj (.switch)

.sts       0    87e378f8    00000010     
                  87e378f8    00000010     pool_notifycfg.obj (.sts)

.sys       0    87e37908    00000010     UNINITIALIZED
                  87e37908    00000010     pool_notifycfg.obj (.sys)

.trcdata   0    87e37918    0000000c     
                  87e37918    0000000c     bios.a64P : trc.o64P (.trcdata)


GLOBAL SYMBOLS: SORTED ALPHABETICALLY BY Name 

address    name
--------   ----
87e36e60   $bss
87e36e60   .bss
87e00080   .data
87e20080   .text
87e35ea0   BIOS_init
87e36108   BIOS_start
00000000   BUF$
00000001   BUF_ENABLED
87e2f3e0   C$$EXIT
ffffffff   CACHE_L1D
ffffffff   CACHE_L1P
ffffffff   CACHE_L2
00000001   CLK$
87e35e98   CLK_A_TABBEG
00000001   CLK_CALDIV
00000001   CLK_CALMULT
00050910   CLK_COUNTSPMS
00000005   CLK_COUNTSPMSHIGH
87e36f88   CLK_D_idletime
87e36f84   CLK_D_isrhook
87e36f80   CLK_D_tabbeg
87e36f7c   CLK_D_timefxn
00000001   CLK_ENABLEHTIME
87e31d60   CLK_F_getltime
87e31d70   CLK_F_isr
87e31ec0   CLK_F_itime
87e2f920   CLK_HOOKFXN
00000001   CLK_HTIMEDIV
00000001   CLK_HTIMEMULT
00050910   CLK_HTIMEPERLTIME
00004b00   CLK_INPUTCLK
00004000   CLK_INTBIT
00000001   CLK_LTIMEDIV
00050910   CLK_LTIMEMULT
000003e8   CLK_MICROSECS
00004b00   CLK_PRD
00000000   CLK_PRDHIGH
49038000   CLK_REGS
00000000   CLK_RESETTIMER
87e36f78   CLK_R_time
00000020   CLK_TCR
00000000   CLK_TDDR
00000000   CLK_TDDRHIGH
87e33a40   CLK_TIMEFXN
00000000   CLK_TIMERNUM
00000005   CLK_TIMMODE
00000001   CLK_USETIMER
87e35e9c   CLK_null
87e37164   DDR2
87e00080   DDR2$B
00020000   DDR2$L
00000000   DEV$
00000000   DGN$
00000000   DHL$
00000000   DHL_gChannelsAvailable
00000000   DIO$
00000000   DIO_NUMSWIBASE
00000000   DIO_NUMTSKBASE
00000000   DIO_STATIC
00000000   DPI$
ffffffff   DSPLINKMEM
00000000   ECM$
00000000   ECM_ENABLE
ffffffff   ECM_EVTMASK0
ffffffff   ECM_EVTMASK1
ffffffff   ECM_EVTMASK2
ffffffff   ECM_EVTMASK3
0000000a   EVENT10
00000064   EVENT100
00000065   EVENT101
00000066   EVENT102
00000067   EVENT103
00000068   EVENT104
00000069   EVENT105
0000006a   EVENT106
0000006b   EVENT107
0000006c   EVENT108
0000006d   EVENT109
0000000b   EVENT11
0000006e   EVENT110
0000006f   EVENT111
00000070   EVENT112
00000071   EVENT113
00000072   EVENT114
00000073   EVENT115
00000074   EVENT116
00000075   EVENT117
00000076   EVENT118
00000077   EVENT119
0000000c   EVENT12
00000078   EVENT120
00000079   EVENT121
0000007a   EVENT122
0000007b   EVENT123
0000007c   EVENT124
0000007d   EVENT125
0000007e   EVENT126
0000007f   EVENT127
0000000d   EVENT13
0000000e   EVENT14
0000000f   EVENT15
00000010   EVENT16
00000011   EVENT17
00000012   EVENT18
00000013   EVENT19
00000014   EVENT20
00000015   EVENT21
00000016   EVENT22
00000017   EVENT23
00000018   EVENT24
00000019   EVENT25
0000001a   EVENT26
0000001b   EVENT27
0000001c   EVENT28
0000001d   EVENT29
0000001e   EVENT30
0000001f   EVENT31
00000020   EVENT32
00000021   EVENT33
00000022   EVENT34
00000023   EVENT35
00000024   EVENT36
00000025   EVENT37
00000026   EVENT38
00000027   EVENT39
00000004   EVENT4
00000028   EVENT40
00000029   EVENT41
0000002a   EVENT42
0000002b   EVENT43
0000002c   EVENT44
0000002d   EVENT45
0000002e   EVENT46
0000002f   EVENT47
00000030   EVENT48
00000031   EVENT49
00000005   EVENT5
00000032   EVENT50
00000033   EVENT51
00000034   EVENT52
00000035   EVENT53
00000036   EVENT54
00000037   EVENT55
00000038   EVENT56
00000039   EVENT57
0000003a   EVENT58
0000003b   EVENT59
00000006   EVENT6
0000003c   EVENT60
0000003d   EVENT61
0000003e   EVENT62
0000003f   EVENT63
00000040   EVENT64
00000041   EVENT65
00000042   EVENT66
00000043   EVENT67
00000044   EVENT68
00000045   EVENT69
00000007   EVENT7
00000046   EVENT70
00000047   EVENT71
00000048   EVENT72
00000049   EVENT73
0000004a   EVENT74
0000004b   EVENT75
0000004c   EVENT76
0000004d   EVENT77
0000004e   EVENT78
0000004f   EVENT79
00000008   EVENT8
00000050   EVENT80
00000051   EVENT81
00000052   EVENT82
00000053   EVENT83
00000054   EVENT84
00000055   EVENT85
00000056   EVENT86
00000057   EVENT87
00000058   EVENT88
00000059   EVENT89
00000009   EVENT9
0000005a   EVENT90
0000005b   EVENT91
0000005c   EVENT92
0000005d   EVENT93
0000005e   EVENT94
0000005f   EVENT95
00000060   EVENT96
00000061   EVENT97
00000062   EVENT98
00000063   EVENT99
87e335a0   FXN_F_nop
87e335a4   FXN_F_run
87e335e0   FXN_F_zero
00000001   GBL$
00005205   GBL_A_VERSION
00000000   GBL_BCACHEREADADDR0
00000000   GBL_BCACHEREADADDR1
00000000   GBL_BCACHEREADADDR2
00000000   GBL_BIGENDIAN
00000000   GBL_CACHE
00000000   GBL_CALLCSLCFGINIT
00004e20   GBL_CLKIN
00000d66   GBL_CLKTYPE
00001963   GBL_DSPSUBTYPE
0000003e   GBL_DSPTYPE
00000000   GBL_ENABLEINST
00000000   GBL_ENABLE_SK
00000042   GBL_FOOTPRINT
00050910   GBL_FREQ
00000000   GBL_GEMTRUECOMPEN
00000007   GBL_L1DMODE
00000003   GBL_L1PMODE
00000001   GBL_L2CONFIGURE
00000000   GBL_L2MAR0_31
00000080   GBL_L2MAR128_159
00000000   GBL_L2MAR160_191
00000000   GBL_L2MAR192_223
00000000   GBL_L2MAR224_255
00000000   GBL_L2MAR32_63
00000000   GBL_L2MAR64_95
00000000   GBL_L2MAR96_127
00000001   GBL_L2MODE
00000000   GBL_NULL
00000000   GBL_PROCID
00000000   GBL_ROM
00000000   GBL_SUPPORTCSL
00004000   GBL_TRCMASKVALUE
00000000   GBL_USERINIT
87e33960   GBL_USERINITFXN
00000001   GBL_boot
87e37920   GBL_initdone
87e33a60   GBL_stackbeg
87e34a5f   GBL_stackend
00000000   GIO$
87e33960   GIO_CREATEFXN
87e33960   GIO_DELETEFXN
87e33960   GIO_PENDFXN
87e33960   GIO_POSTFXN
00000000   HOOK$
00000000   HOOK_KNLID
00000000   HST$
87e00080   HST_A_TABBEG
87e00080   HST_A_TABEND
00000000   HST_DSM
87e37164   HST_DSMBUFSEG
00000400   HST_DSMMEMSIZE
87e36ff4   HST_D_chanmask
87e36ff8   HST_D_tabbeg
87e36ffc   HST_D_tabend
00000100   HST_MAXFRAMEALLOWED
00000000   HST_MAXFRAMESET
00000001   HST_NONE
00000000   HST_RTDX
00000001   HWI$
87e37400   HWI_A_VECS
00004000   HWI_CFGDISPATCHED
87e37140   HWI_D_bss
87e37144   HWI_D_ccmask
87e37130   HWI_D_spsave
00000001   HWI_ENABLE_EXC
87e2f920   HWI_F_dispatch
00000000   HWI_GENERATE_RESET_VEC
0000000a   HWI_INT10
00000000   HWI_INT10$hwi
0000000b   HWI_INT11
00000000   HWI_INT11$hwi
0000000c   HWI_INT12
00000000   HWI_INT12$hwi
0000000d   HWI_INT13
00000000   HWI_INT13$hwi
0000000e   HWI_INT14
00000000   HWI_INT14$hwi
0000000f   HWI_INT15
00000000   HWI_INT15$hwi
00000004   HWI_INT4
00000000   HWI_INT4$hwi
00000005   HWI_INT5
00000000   HWI_INT5$hwi
00000006   HWI_INT6
00000000   HWI_INT6$hwi
00000007   HWI_INT7
00000000   HWI_INT7$hwi
00000008   HWI_INT8
00000000   HWI_INT8$hwi
00000009   HWI_INT9
00000000   HWI_INT9$hwi
07060504   HWI_INTRMUX1
0a0a0908   HWI_INTRMUX2
34330d0b   HWI_INTRMUX3
00000001   HWI_NMI
00000000   HWI_NMI$hwi
00000000   HWI_POLARITYMASK
00000002   HWI_RESERVED0
00000000   HWI_RESERVED0$hwi
00000003   HWI_RESERVED1
00000000   HWI_RESERVED1$hwi
00000000   HWI_RESET
00000000   HWI_RESET$hwi
00000000   HWI_ZEROTAB
00000000   IDL$
87e36a5c   IDL_A_CALBEG
87e357a4   IDL_A_TABBEG
00000000   IDL_CALIBRERROR
00000000   IDL_CALIBRFXN
87e36f68   IDL_D_calbeg
87e36f64   IDL_D_calibrate
87e36f60   IDL_D_tabbeg
87e357a4   IDL_END
87e36a5c   IDL_END$
87e339c0   IDL_F_loop
00000000   IDL_USECLKIDLTIME
ffffffff   IRAM
00000001   ISRC$
87e32218   KNL_glue
87e377d4   KNL_swi
00000001   KNL_swi$dorta
00000000   KNL_swi$ord
00000000   KNL_swi$pri
87e378fc   KNL_swi$sts
87e35ea5   KNL_swi$sts$avgfmt
00000002   KNL_swi$sts$filter
00000001   KNL_swi$sts$filtmaxmult
00000001   KNL_swi$sts$filtsummult
87e35e95   KNL_swi$sts$maxfmt
87e378f8   KNL_swi$sts$stsobj
87e35e9d   KNL_swi$sts$sumfmt
00000000   KNL_swi$sts$unittype
00000000   KNL_swi$swi
ffffffff   L1DSRAM
00000001   LCK$
00000001   LOG$
87e378b4   LOG_A_TABBEG
87e378e4   LOG_A_TABEND
00000002   LOG_A_TABLEN
87e36f6c   LOG_D_system
00000001   LOG_ENABLED
87e332e0   LOG_F_event
87e378b4   LOG_system
87e37600   LOG_system$buf
00000000   LOG_system$datatype
00000000   LOG_system$log
00000040   LOG_system$size
00000000   MBX$
00000001   MEM$
87e37164   MEM_MALLOCSEG
00000000   MEM_NULL
87e37164   MEM_SEGZERO
00000000   MEM_USEMPC
00000001   MEM_gNumHeap
00000000   MSGQ$
00000000   MSGQ_USEMSGQ
00000000   OBJ$
00000000   PIP$
87e00080   PIP_A_TABBEG
87e00080   PIP_A_TABEND
00000000   PIP_A_TABLEN
87e36f70   PIP_D_tabbeg
87e36f74   PIP_D_tablen
00000064   PIP_OBJSIZE
00000000   PIP_gNextId
00000000   PIP_gNumEmbed
00000001   POOL$
ffffffff   POOLMEM
00000001   POOL_USEPOOL
00000001   PRD$
87e00080   PRD_A_TABBEG
87e00080   PRD_A_TABEND
00000000   PRD_A_TABLEN
87e36fb0   PRD_D_cur
87e36fb4   PRD_D_elapsed
87e36fb8   PRD_D_prevtim
87e36fbc   PRD_D_scalar
87e36fc0   PRD_D_swihandle
87e36fc4   PRD_D_tabbeg
87e36fc8   PRD_D_tablen
87e36fcc   PRD_D_thook
87e36fac   PRD_D_tick
87e302c0   PRD_F_swi
87e30544   PRD_F_tick
00000001   PRD_SCALAR
00000000   PRD_SWIHANDLE
87e319cc   PRD_THOOKFXN
87e35e98   PRD_clock
00000001   PWRM$
00000000   PWRM_PWRM_CAPSMASK
0000000a   PWRM_PWRM_CLKTICKSPERSLOT
00000000   PWRM_PWRM_ENABLE
00000000   PWRM_PWRM_LOADENABLE
00000001   PWRM_PWRM_NUMSLOTS
00000000   PWRM_PWRM_RESOURCETRACKING
00000000   PWRM_PWRM_SCALING
87e33960   PWRM_PWRM_SHAREDRESOURCEFXN
87e33960   PWRM_PWRM_SLOTHOOKFXN
00000000   PWRM_PWRM_TIMERIDNUM
00000000   PWRM_PWRM_TIMERINTRMASK
00000000   PWRM_PWRM_TIMERWUGENMASK
00000000   PWRM_PWRM_USERRESOURCES
00000000   PWRM_PWRM_USETIMER
00000001   QUE$
ffffffff   RESET_VECTOR
87e36fd0   RTA_D_fromHost
87e36fd8   RTA_D_logval
87e36fe8   RTA_D_stsval
87e36fd4   RTA_D_toHost
00000000   RTDX$
00000408   RTDX_BUFMEMSIZE
87e37164   RTDX_DATAMEMSEG
00000000   RTDX_MODE
00000000   RTDX_USERTDX
00000000   RTDX_USERTEXECUTION
00000000   SEM$
00000000   SIO$
00000000   STS$
87e378f8   STS_A_TABBEG
87e37908   STS_A_TABEND
87e3374c   STS_F_add
87e33720   STS_F_delta
87e33768   STS_F_reset
00000001   SWI$
87e377d4   SWI_A_TABBEG
87e37800   SWI_A_TABEND
00000001   SWI_A_TABLEN
87e37044   SWI_D_curfxn
87e37034   SWI_D_curmask
87e37040   SWI_D_curmbox
87e37038   SWI_D_curset
87e37030   SWI_D_execaddr
87e3704c   SWI_D_inswi
87e3703c   SWI_D_lock
87e37048   SWI_D_rdybeg
87e37050   SWI_D_rdytab
87e3702c   SWI_D_runaddr
00000000   SWI_EHOOKFXN
87e2ffe4   SWI_EXECFXN
87e2fe00   SWI_F_enable
87e2ffe4   SWI_F_exec
87e3000c   SWI_F_iexec
87e2fe70   SWI_F_post
87e3008c   SWI_F_run
00000000   SWI_IHOOKFXN
87e3008c   SWI_RUNFXN
00000001   SYS$
87e37908   SYS$config
87e33920   SYS_ABORTFXN
87e33a00   SYS_ERRORFXN
87e33a20   SYS_EXITFXN
87e33840   SYS_PUTCFXN
87e3791c   TRC_R_mask
87e37918   TRC_cinit
00000001   TSK$
00000000   TSK_NUM_HOOKS
00000001   TSK_PRIORITY
00000000   TSK_READYFXN
87e37164   TSK_STACKSEG
00000400   TSK_STACKSIZE
00000000   TSK_SWITCHFXN
87e33960   TSK_VCREATEFXN
87e33960   TSK_VDELETEFXN
87e33960   TSK_VEXITFXN
87e373a4   TSK_idle
00000000   TSK_idle$ord
00000000   TSK_idle$pri
87e36a60   TSK_idle$stack
87e36df8   TSK_idle$stkptr
00000000   TSK_idle$tsk
00000000   UDEV$
87e32694   _BCACHE_bootInit
87e32714   _BCACHE_getMar
87e326c4   _BCACHE_getSize
87e32cd0   _BCACHE_inv
87e33450   _BCACHE_invL1pAll
87e32694   _BCACHE_setCacheToSram
87e32644   _BCACHE_setMar
87e32600   _BCACHE_setSize
87e33460   _BCACHE_wait
87e32cc0   _BCACHE_wb
87e33440   _BCACHE_wbAll
87e32cac   _BCACHE_wbInv
87e3342c   _BCACHE_wbInvAll
87e35ea0   _BIOS_init
87e36108   _BIOS_start
87e338cc   _C62_clearIFR
87e338a0   _C62_disableIER
87e31448   _C62_dispatchPlug
87e338b8   _C62_enableIER
87e31440   _C62_plug
87e338cc   _C64_clearIFR
87e338a0   _C64_disableIER
87e31448   _C64_dispatchPlug
87e338b8   _C64_enableIER
87e31440   _C64_plug
ffffffff   _CACHE_L1D
ffffffff   _CACHE_L1P
ffffffff   _CACHE_L2
00050910   _CLK_COUNTSPMS
87e37174   _CLK_DFLTMICROSECS
87e36fa8   _CLK_D_countspms
87e36f9c   _CLK_D_dirty
87e37178   _CLK_D_microseconds
87e36fa0   _CLK_D_prd
87e36fa4   _CLK_D_tddr
87e31ec0   _CLK_F_itime
00004b00   _CLK_PRD
49038000   _CLK_REGS
00000000   _CLK_TDDR
00000000   _CLK_TIMERNUM
00000001   _CLK_USETIMER
87e33a40   _CLK_gethtime
49038000   _CLK_gptimer
87e36a50   _CLK_gptimer_enablemask
87e36f8c   _CLK_htimeDiv
87e36f90   _CLK_htimeMult
87e37184   _CLK_htimePerLtime
87e3693c   _CLK_inputClock
87e31ec0   _CLK_itime
87e36f94   _CLK_ltimeDiv
87e36f98   _CLK_ltimeMult
87e3276c   _CLK_reconfig
87e310c4   _CLK_start
87e31060   _CLK_stop
87e37164   _DDR2
87e00080   _DDR2_base
00020000   _DDR2_length
87e36a44   _DSPLINKDATA_ctrlPtr
87e2e7a0   _DSPLINKDATA_init
87e2d820   _DSPLINKIPS_init
ffffffff   _DSPLINKMEM
87e36a4c   _DSPLINKMQT_ctrlPtr
87e2e840   _DSPLINKMQT_init
87e367b8   _DSPLINKPOOL_ctrlPtr
87e2e3e0   _DSPLINKPOOL_init
87e2de60   _DSPLINK_init
87e37700   _DSPLINK_shmBaseAddress
87e37708   _DSPLINK_shmBaseAddress_pad
0000000a   _EVENT10
00000064   _EVENT100
00000065   _EVENT101
00000066   _EVENT102
00000067   _EVENT103
00000068   _EVENT104
00000069   _EVENT105
0000006a   _EVENT106
0000006b   _EVENT107
0000006c   _EVENT108
0000006d   _EVENT109
0000000b   _EVENT11
0000006e   _EVENT110
0000006f   _EVENT111
00000070   _EVENT112
00000071   _EVENT113
00000072   _EVENT114
00000073   _EVENT115
00000074   _EVENT116
00000075   _EVENT117
00000076   _EVENT118
00000077   _EVENT119
0000000c   _EVENT12
00000078   _EVENT120
00000079   _EVENT121
0000007a   _EVENT122
0000007b   _EVENT123
0000007c   _EVENT124
0000007d   _EVENT125
0000007e   _EVENT126
0000007f   _EVENT127
0000000d   _EVENT13
0000000e   _EVENT14
0000000f   _EVENT15
00000010   _EVENT16
00000011   _EVENT17
00000012   _EVENT18
00000013   _EVENT19
00000014   _EVENT20
00000015   _EVENT21
00000016   _EVENT22
00000017   _EVENT23
00000018   _EVENT24
00000019   _EVENT25
0000001a   _EVENT26
0000001b   _EVENT27
0000001c   _EVENT28
0000001d   _EVENT29
0000001e   _EVENT30
0000001f   _EVENT31
00000020   _EVENT32
00000021   _EVENT33
00000022   _EVENT34
00000023   _EVENT35
00000024   _EVENT36
00000025   _EVENT37
00000026   _EVENT38
00000027   _EVENT39
00000004   _EVENT4
00000028   _EVENT40
00000029   _EVENT41
0000002a   _EVENT42
0000002b   _EVENT43
0000002c   _EVENT44
0000002d   _EVENT45
0000002e   _EVENT46
0000002f   _EVENT47
00000030   _EVENT48
00000031   _EVENT49
00000005   _EVENT5
00000032   _EVENT50
00000033   _EVENT51
00000034   _EVENT52
00000035   _EVENT53
00000036   _EVENT54
00000037   _EVENT55
00000038   _EVENT56
00000039   _EVENT57
0000003a   _EVENT58
0000003b   _EVENT59
00000006   _EVENT6
0000003c   _EVENT60
0000003d   _EVENT61
0000003e   _EVENT62
0000003f   _EVENT63
00000040   _EVENT64
00000041   _EVENT65
00000042   _EVENT66
00000043   _EVENT67
00000044   _EVENT68
00000045   _EVENT69
00000007   _EVENT7
00000046   _EVENT70
00000047   _EVENT71
00000048   _EVENT72
00000049   _EVENT73
0000004a   _EVENT74
0000004b   _EVENT75
0000004c   _EVENT76
0000004d   _EVENT77
0000004e   _EVENT78
0000004f   _EVENT79
00000008   _EVENT8
00000050   _EVENT80
00000051   _EVENT81
00000052   _EVENT82
00000053   _EVENT83
00000054   _EVENT84
00000055   _EVENT85
00000056   _EVENT86
00000057   _EVENT87
00000058   _EVENT88
00000059   _EVENT89
00000009   _EVENT9
0000005a   _EVENT90
0000005b   _EVENT91
0000005c   _EVENT92
0000005d   _EVENT93
0000005e   _EVENT94
0000005f   _EVENT95
00000060   _EVENT96
00000061   _EVENT97
00000062   _EVENT98
00000063   _EVENT99
87e2f8f0   _EXC_clearLastStatus
87e31620   _EXC_dispatch
87e2f774   _EXC_exceptionHandler
87e37148   _EXC_exceptionHook
87e2f740   _EXC_external
87e37150   _EXC_externalHook
87e2f720   _EXC_getLastStatus
87e2f6e0   _EXC_init
87e2f434   _EXC_internal
87e3714c   _EXC_internalHook
87e2f400   _EXC_nmi
87e37154   _EXC_nmiHook
87e37118   _EXC_returnPtr
87e317e4   _EXC_setReturnPtr
87e36994   _EXC_status
87e37110   _EXC_sysTrapTable
87e369c0   _FAIL_Code
87e369b8   _FAIL_File
87e369bc   _FAIL_Line
87e369b4   _FAIL_Set
87e33960   _FXN_F_nop
87e335a4   _FXN_F_run
87e335e0   _FXN_F_zero
00000000   _GBL_CACHE
87e328e4   _GBL_cacheInit64P
87e37004   _GBL_clkIn
87e37008   _GBL_freq
87e33980   _GBL_getVersion
87e37000   _GBL_procId
87e2f274   _HAL_exit
87e2f240   _HAL_init
87e2d790   _HAL_intClear
87e2d6e8   _HAL_intDisable
87e2d6a0   _HAL_intEnable
87e2d340   _HAL_intInit
87e2d3b8   _HAL_intRegister
87e2d770   _HAL_intSend
87e2d730   _HAL_intWaitClear
87e339a0   _HOOK_setenv
87e00080   _HST_A_TABBEG
87e00080   _HST_A_TABEND
87e369c4   _HWI_ATTRS
00004000   _HWI_CFGDISPATCHED
87e3713c   _HWI_D_inhwi
87e37130   _HWI_D_spsave
87e2f920   _HWI_F_dispatch
0000000a   _HWI_INT10
0000000b   _HWI_INT11
0000000c   _HWI_INT12
0000000d   _HWI_INT13
0000000e   _HWI_INT14
0000000f   _HWI_INT15
00000004   _HWI_INT4
00000005   _HWI_INT5
00000006   _HWI_INT6
00000007   _HWI_INT7
00000008   _HWI_INT8
00000009   _HWI_INT9
00000001   _HWI_NMI
00000002   _HWI_RESERVED0
00000003   _HWI_RESERVED1
00000000   _HWI_RESET
87e34a58   _HWI_STKBOTTOM
87e33a60   _HWI_STKTOP
87e37130   _HWI_data
87e33600   _HWI_disable
87e33060   _HWI_dispatchPlug
87e36e60   _HWI_dispatchTab
87e33618   _HWI_enable
87e330e0   _HWI_eventMap
87e3362c   _HWI_restore
87e339c0   _IDL_loop
87e264b8   _IPS_clearReserved
87e24fac   _IPS_exit
87e24cdc   _IPS_init
87e26558   _IPS_isNotReserved
87e25bd0   _IPS_notify
87e25124   _IPS_register
87e26418   _IPS_setReserved
87e2569c   _IPS_unregister
ffffffff   _IRAM
87e370d0   _KNL_alarm
87e329a0   _KNL_check
87e370f4   _KNL_curqueue
87e370e4   _KNL_curtask
87e370ec   _KNL_curtime
87e36780   _KNL_dummy
87e32e00   _KNL_enter
87e32dc0   _KNL_exit
87e32a68   _KNL_idle
87e3710c   _KNL_idlefxn
87e370d8   _KNL_inactive
87e33160   _KNL_ipost
87e32a90   _KNL_max
87e370f8   _KNL_maxqueue
87e331e0   _KNL_post
87e370e8   _KNL_prevtask
87e370dc   _KNL_priority
87e366e0   _KNL_queues
87e32380   _KNL_ready
87e30c20   _KNL_run
87e320c0   _KNL_saveIsrFrame
87e370e0   _KNL_set
87e370d4   _KNL_setpri
87e32e80   _KNL_start
87e377d4   _KNL_swi
87e370f0   _KNL_swiptr
87e3216c   _KNL_switch
87e37100   _KNL_tcreatefxn
87e37104   _KNL_tdeletefxn
87e319cc   _KNL_tick
87e37108   _KNL_treadyfxn
87e370fc   _KNL_tswitchfxn
87e370c8   _KNL_wFlag
87e370cc   _KNL_wList
ffffffff   _L1DSRAM
87e33280   _LCK_pend
87e33260   _LCK_post
87e378b4   _LOG_A_TABBEG
87e378e4   _LOG_A_TABEND
00000002   _LOG_A_TABLEN
87e36f6c   _LOG_D_system
87e332e0   _LOG_event
87e378b4   _LOG_system
87e3718c   _MEM
87e3700c   _MEM_D_NUMSEGMENTS
87e37014   _MEM_D_freelist
87e37018   _MEM_D_lockaddr
87e37010   _MEM_D_memtab
87e3701c   _MEM_D_unlockaddr
87e31260   _MEM_alloc
87e319e0   _MEM_free
87e36380   _MEM_init
87e37158   _MEM_memtab
87e334e0   _MEM_valloc
87e36a00   _MPCSXFER_BufferSize
87e36a04   _MPCSXFER_NumIterations
87e27524   _MPCS_close
87e2664c   _MPCS_create
87e36a0c   _MPCS_csObj
87e36a08   _MPCS_ctrlPtr
87e26de4   _MPCS_delete
87e27648   _MPCS_enter
87e2af50   _MPCS_exit
87e2ad6c   _MPCS_init
87e278ec   _MPCS_leave
87e273c0   _MPCS_open
87e36a10   _MPLIST_ctrlPtr
87e2c3b0   _MPLIST_exit
87e2c1cc   _MPLIST_init
87e36a14   _MPLIST_mpcsObj
87e36a18   _NOTIFY_ctrlPtr
87e2db0c   _NOTIFY_init
87e2b828   _NOTIFY_notify
87e36a1c   _NOTIFY_numIps
87e2b440   _NOTIFY_register
87e2b5fc   _NOTIFY_unregister
87e33360   _OBJ_create
87e33660   _OBJ_delete
87e36480   _OBJ_init
87e368d0   _OBJ_segtab
87e36898   _OBJ_table
87e00080   _PIP_A_TABBEG
87e00080   _PIP_A_TABEND
87e37190   _POOL
ffffffff   _POOLMEM
87e36978   _POOL_config
87e361a0   _POOL_init
87e2a428   _POOL_open
87e36fac   _PRD_D_tick
87e35e98   _PRD_clock
87e338e0   _QUE_get
87e33908   _QUE_put
ffffffff   _RESET_VECTOR
87e36a20   _RingIO_ctrlPtr
87e20498   _RingIO_exit
87e202a8   _RingIO_init
87e36a24   _RingIO_mpcsObj
87e336c0   _SEM_pend
87e30e60   _SEM_pendEnterKnl
87e32ce0   _SEM_post
87e32ce0   _SEM_postBinary
87e32f20   _SEM_postEnterKnl
87e2dc88   _SHMDRV_handshake
87e2dc20   _SHMDRV_init
87e35e80   _SMAPOOL_FXNS
87e294f0   _SMAPOOL_alloc
87e298d8   _SMAPOOL_free
87e29344   _SMAPOOL_init
87e29368   _SMAPOOL_open
87e378f8   _STS_A_TABBEG
87e37908   _STS_A_TABEND
87e3374c   _STS_add
87e33720   _STS_delta
87e33768   _STS_reset
87e339e0   _STS_set
87e37044   _SWI_D_curfxn
87e37034   _SWI_D_curmask
87e37038   _SWI_D_curset
87e37030   _SWI_D_execaddr
87e3704c   _SWI_D_inswi
87e3703c   _SWI_D_lock
87e37048   _SWI_D_rdybeg
87e3702c   _SWI_D_runaddr
87e3702c   _SWI_data
87e33780   _SWI_disable
87e337a4   _SWI_enable
87e2fe70   _SWI_post
87e37020   _SYS
87e37198   _SYS_PUTCBEG
87e37397   _SYS_PUTCEND
87e337e0   _SYS_abort
87e33540   _SYS_error
87e32fc0   _SYS_exit
87e36940   _SYS_exitStack
87e3717c   _SYS_exitStackPtr
87e37180   _SYS_exitStackTop
87e36960   _SamplePoolParams
87e2e6e0   _SetReason
87e3791c   _TRC_R_mask
87e37170   _TSK
87e36838   _TSK_ATTRS
87e36854   _TSK_config
87e30640   _TSK_create
87e324c0   _TSK_exit
87e373a4   _TSK_idle
87e36420   _TSK_init
87e37168   _TSK_nTasks
87e3716c   _TSK_pid
87e31f20   _TSK_setup
87e32b64   _TSK_startup
87e36874   _TSK_timerSem
87e27b44   _Task_create
87e287ec   _Task_delete
87e2874c   _Task_execute
87e33920   _UTL_doAbort
87e33a00   _UTL_doError
87e33840   _UTL_doPutc
87e33a20   _UTL_halt
87e36894   __BCACHE_emifAddr
87e369dc   __BCACHE_readTable
87e31edc   __CLK_lat1beg
87e31f00   __CLK_lat1end
87e29d1c   __DSPLINK_init
87e37028   __HOOK_NUMHOOKS
87e37024   __HOOK_knlId
87e2f920   __HWI_lat1beg
87e2faa8   __HWI_lat1end
87e2faa8   __HWI_lat2beg
87e2fc84   __HWI_lat2end1
87e2fc10   __HWI_lat2end2
87e2fca0   __HWI_lat3beg
87e2fc40   __HWI_lat3end2
87e329ec   __KNL_lat1beg
87e32a68   __KNL_lat1end
87e332e0   __LOG_lat1beg
87e36914   __MEM_mutex
87e2afe0   __MPCS_open
48004000   __PWRM_CM_BASEADDR
5d000000   __PWRM_IVAMMU_BASEADDR
48306000   __PWRM_PRM_BASEADDR
48002000   __PWRM_SCM_BASEADDR
00000000   __PWRM_TIMERBASEADDR
00000020   __PWRM_TIMERINPUTCLK
00000000   __PWRM_TIMERINTRMASK
0000000a   __PWRM_TIMERPERIOD
00000000   __PWRM_USETIMER
87e338e0   __QUE_lat1beg
87e33900   __QUE_lat1end
87e33908   __QUE_lat2beg
87e33914   __QUE_lat2end
87e23834   __RingIO_callNotifier
87e23b20   __RingIO_checkNotifier
87e24474   __RingIO_getContiguousDataSize
87e23f00   __RingIO_getFirstAcquiredAttr
87e24060   __RingIO_getFirstAttr
87e23d34   __RingIO_initInstance
87e24a40   __RingIO_invalidateDataBuffer
87e20aa8   __RingIO_readerAcquire
87e23670   __RingIO_readerCancel
87e229b8   __RingIO_readerFlush
87e21cec   __RingIO_readerGetvAttribute
87e2142c   __RingIO_readerRelease
87e2421c   __RingIO_releaseAttribute
87e24744   __RingIO_updateAttributes
87e20548   __RingIO_writerAcquire
87e231d0   __RingIO_writerCancel
87e221c0   __RingIO_writerFlush
87e21198   __RingIO_writerRelease
87e217fc   __RingIO_writerSetvAttribute
87e31ba0   __SEM_dopost
00001000   __STACK_SIZE
87e2ff78   __SWI_lat1beg
87e30024   __SWI_lat1end
87e30028   __SWI_lat2beg
87e30088   __SWI_lat2end
87e2fe00   __SWI_lat3beg
87e2fe6c   __SWI_lat3end
87e368ec   __TSK_mutex
87e369f0   ___TI_enable_exit_profile_output
ffffffff   ___TI_pprof_out_hndl
ffffffff   ___TI_prof_data_size
ffffffff   ___TI_prof_data_start
ffffffff   ___binit__
87e36e60   ___bss__
ffffffff   ___c_args__
87e34a60   ___cinit__
87e00080   ___data__
87e00080   ___edata__
87e37196   ___end__
87e2f400   ___etext__
ffffffff   ___pinit__
87e20080   ___text__
87e2c900   __addd
87e2be60   __addf
87e32240   __auto_init
87e369e8   __cleanup_ptr
87e2e060   __cmpd
87e2ec00   __cmpf
87e35940   __ctypes_
87e2e8e0   __cvtdf
87e2ee00   __cvtfd
87e2a520   __divd
87e2b960   __divf
87e2e4a0   __divu
87e369ec   __dtors_ptr
87e2ec80   __fixdi
87e2ed00   __fixfu
87e2ee60   __fltid
87e2eec0   __fltif
87e2f140   __fltuf
87e2cb40   __frcaddd
87e2dd40   __frcmpyd
87e2cd60   __frcmpyd_div
87e2ef20   __frcmpyf
87e2e980   __frcmpyf_div
87e36a28   __lock
87e2c440   __mpyd
87e2cf60   __mpyf
87e2f180   __negd
87e2f360   __nop
87e2df60   __nround
87e2f380   __register_lock
87e2f3a0   __register_unlock
87e2ea20   __remu
87e2ed80   __renormd
87e33a60   __stack
87e2f1c0   __subd
87e2f3c0   __trunc
87e36a2c   __unlock
87e2f3e0   _abort
87e2e140   _atoi
87e369f4   _buf
87e362c0   _c_int00
87e30bb8   _calloc
87e27cc8   _canny_dsp
87e2ef80   _ceil
87e36a54   _errno
87e2e220   _exit
87e30980   _free
87e2d500   _frexp
87e27db4   _gaussian_smooth
87e2d160   _ldexp
87e369f8   _length
87e2d980   _main
87e28330   _make_gaussian_kernel
87e309a8   _malloc
87e30ad8   _memalign
87e2eac0   _memcpy
87e2e300   _memset
87e2e560   _modf
87e36968   _pool_notify_Pools
87e28920   _pow
87e30a0c   _realloc
87e2c6a0   _sqrt
87e2efe0   _strcpy
87e2f040   _strncmp
87e2eb60   _strncpy
87e378cc   _trace
ffffffff   binit
87e34a60   cinit
87e00080   edata
87e37196   end
87e2f400   etext
87e37400   hwi0
87e37420   hwi1
87e37540   hwi10
87e37560   hwi11
87e37580   hwi12
87e375a0   hwi13
87e375c0   hwi14
87e375e0   hwi15
87e37440   hwi2
87e37460   hwi3
87e37480   hwi4
87e374a0   hwi5
87e374c0   hwi6
87e374e0   hwi7
87e37500   hwi8
87e37520   hwi9
ffffffff   pinit
87e378cc   trace
87e37800   trace$buf
00000001   trace$datatype
00000000   trace$log
00000020   trace$size


GLOBAL SYMBOLS: SORTED BY Symbol Address 

address    name
--------   ----
00000000   BUF$
00000000   CLK_PRDHIGH
00000000   CLK_RESETTIMER
00000000   CLK_TDDR
00000000   CLK_TDDRHIGH
00000000   CLK_TIMERNUM
00000000   DEV$
00000000   DGN$
00000000   DHL$
00000000   DHL_gChannelsAvailable
00000000   DIO$
00000000   DIO_NUMSWIBASE
00000000   DIO_NUMTSKBASE
00000000   DIO_STATIC
00000000   DPI$
00000000   ECM$
00000000   ECM_ENABLE
00000000   GBL_BCACHEREADADDR0
00000000   GBL_BCACHEREADADDR1
00000000   GBL_BCACHEREADADDR2
00000000   GBL_BIGENDIAN
00000000   GBL_CACHE
00000000   GBL_CALLCSLCFGINIT
00000000   GBL_ENABLEINST
00000000   GBL_ENABLE_SK
00000000   GBL_GEMTRUECOMPEN
00000000   GBL_L2MAR0_31
00000000   GBL_L2MAR160_191
00000000   GBL_L2MAR192_223
00000000   GBL_L2MAR224_255
00000000   GBL_L2MAR32_63
00000000   GBL_L2MAR64_95
00000000   GBL_L2MAR96_127
00000000   GBL_NULL
00000000   GBL_PROCID
00000000   GBL_ROM
00000000   GBL_SUPPORTCSL
00000000   GBL_USERINIT
00000000   GIO$
00000000   HOOK$
00000000   HOOK_KNLID
00000000   HST$
00000000   HST_DSM
00000000   HST_MAXFRAMESET
00000000   HST_RTDX
00000000   HWI_GENERATE_RESET_VEC
00000000   HWI_INT10$hwi
00000000   HWI_INT11$hwi
00000000   HWI_INT12$hwi
00000000   HWI_INT13$hwi
00000000   HWI_INT14$hwi
00000000   HWI_INT15$hwi
00000000   HWI_INT4$hwi
00000000   HWI_INT5$hwi
00000000   HWI_INT6$hwi
00000000   HWI_INT7$hwi
00000000   HWI_INT8$hwi
00000000   HWI_INT9$hwi
00000000   HWI_NMI$hwi
00000000   HWI_POLARITYMASK
00000000   HWI_RESERVED0$hwi
00000000   HWI_RESERVED1$hwi
00000000   HWI_RESET
00000000   HWI_RESET$hwi
00000000   HWI_ZEROTAB
00000000   IDL$
00000000   IDL_CALIBRERROR
00000000   IDL_CALIBRFXN
00000000   IDL_USECLKIDLTIME
00000000   KNL_swi$ord
00000000   KNL_swi$pri
00000000   KNL_swi$sts$unittype
00000000   KNL_swi$swi
00000000   LOG_system$datatype
00000000   LOG_system$log
00000000   MBX$
00000000   MEM_NULL
00000000   MEM_USEMPC
00000000   MSGQ$
00000000   MSGQ_USEMSGQ
00000000   OBJ$
00000000   PIP$
00000000   PIP_A_TABLEN
00000000   PIP_gNextId
00000000   PIP_gNumEmbed
00000000   PRD_A_TABLEN
00000000   PRD_SWIHANDLE
00000000   PWRM_PWRM_CAPSMASK
00000000   PWRM_PWRM_ENABLE
00000000   PWRM_PWRM_LOADENABLE
00000000   PWRM_PWRM_RESOURCETRACKING
00000000   PWRM_PWRM_SCALING
00000000   PWRM_PWRM_TIMERIDNUM
00000000   PWRM_PWRM_TIMERINTRMASK
00000000   PWRM_PWRM_TIMERWUGENMASK
00000000   PWRM_PWRM_USERRESOURCES
00000000   PWRM_PWRM_USETIMER
00000000   RTDX$
00000000   RTDX_MODE
00000000   RTDX_USERTDX
00000000   RTDX_USERTEXECUTION
00000000   SEM$
00000000   SIO$
00000000   STS$
00000000   SWI_EHOOKFXN
00000000   SWI_IHOOKFXN
00000000   TSK_NUM_HOOKS
00000000   TSK_READYFXN
00000000   TSK_SWITCHFXN
00000000   TSK_idle$ord
00000000   TSK_idle$pri
00000000   TSK_idle$tsk
00000000   UDEV$
00000000   _CLK_TDDR
00000000   _CLK_TIMERNUM
00000000   _GBL_CACHE
00000000   _HWI_RESET
00000000   __PWRM_TIMERBASEADDR
00000000   __PWRM_TIMERINTRMASK
00000000   __PWRM_USETIMER
00000000   trace$log
00000001   BUF_ENABLED
00000001   CLK$
00000001   CLK_CALDIV
00000001   CLK_CALMULT
00000001   CLK_ENABLEHTIME
00000001   CLK_HTIMEDIV
00000001   CLK_HTIMEMULT
00000001   CLK_LTIMEDIV
00000001   CLK_USETIMER
00000001   GBL$
00000001   GBL_L2CONFIGURE
00000001   GBL_L2MODE
00000001   GBL_boot
00000001   HST_NONE
00000001   HWI$
00000001   HWI_ENABLE_EXC
00000001   HWI_NMI
00000001   ISRC$
00000001   KNL_swi$dorta
00000001   KNL_swi$sts$filtmaxmult
00000001   KNL_swi$sts$filtsummult
00000001   LCK$
00000001   LOG$
00000001   LOG_ENABLED
00000001   MEM$
00000001   MEM_gNumHeap
00000001   POOL$
00000001   POOL_USEPOOL
00000001   PRD$
00000001   PRD_SCALAR
00000001   PWRM$
00000001   PWRM_PWRM_NUMSLOTS
00000001   QUE$
00000001   SWI$
00000001   SWI_A_TABLEN
00000001   SYS$
00000001   TSK$
00000001   TSK_PRIORITY
00000001   _CLK_USETIMER
00000001   _HWI_NMI
00000001   trace$datatype
00000002   HWI_RESERVED0
00000002   KNL_swi$sts$filter
00000002   LOG_A_TABLEN
00000002   _HWI_RESERVED0
00000002   _LOG_A_TABLEN
00000003   GBL_L1PMODE
00000003   HWI_RESERVED1
00000003   _HWI_RESERVED1
00000004   EVENT4
00000004   HWI_INT4
00000004   _EVENT4
00000004   _HWI_INT4
00000005   CLK_COUNTSPMSHIGH
00000005   CLK_TIMMODE
00000005   EVENT5
00000005   HWI_INT5
00000005   _EVENT5
00000005   _HWI_INT5
00000006   EVENT6
00000006   HWI_INT6
00000006   _EVENT6
00000006   _HWI_INT6
00000007   EVENT7
00000007   GBL_L1DMODE
00000007   HWI_INT7
00000007   _EVENT7
00000007   _HWI_INT7
00000008   EVENT8
00000008   HWI_INT8
00000008   _EVENT8
00000008   _HWI_INT8
00000009   EVENT9
00000009   HWI_INT9
00000009   _EVENT9
00000009   _HWI_INT9
0000000a   EVENT10
0000000a   HWI_INT10
0000000a   PWRM_PWRM_CLKTICKSPERSLOT
0000000a   _EVENT10
0000000a   _HWI_INT10
0000000a   __PWRM_TIMERPERIOD
0000000b   EVENT11
0000000b   HWI_INT11
0000000b   _EVENT11
0000000b   _HWI_INT11
0000000c   EVENT12
0000000c   HWI_INT12
0000000c   _EVENT12
0000000c   _HWI_INT12
0000000d   EVENT13
0000000d   HWI_INT13
0000000d   _EVENT13
0000000d   _HWI_INT13
0000000e   EVENT14
0000000e   HWI_INT14
0000000e   _EVENT14
0000000e   _HWI_INT14
0000000f   EVENT15
0000000f   HWI_INT15
0000000f   _EVENT15
0000000f   _HWI_INT15
00000010   EVENT16
00000010   _EVENT16
00000011   EVENT17
00000011   _EVENT17
00000012   EVENT18
00000012   _EVENT18
00000013   EVENT19
00000013   _EVENT19
00000014   EVENT20
00000014   _EVENT20
00000015   EVENT21
00000015   _EVENT21
00000016   EVENT22
00000016   _EVENT22
00000017   EVENT23
00000017   _EVENT23
00000018   EVENT24
00000018   _EVENT24
00000019   EVENT25
00000019   _EVENT25
0000001a   EVENT26
0000001a   _EVENT26
0000001b   EVENT27
0000001b   _EVENT27
0000001c   EVENT28
0000001c   _EVENT28
0000001d   EVENT29
0000001d   _EVENT29
0000001e   EVENT30
0000001e   _EVENT30
0000001f   EVENT31
0000001f   _EVENT31
00000020   CLK_TCR
00000020   EVENT32
00000020   _EVENT32
00000020   __PWRM_TIMERINPUTCLK
00000020   trace$size
00000021   EVENT33
00000021   _EVENT33
00000022   EVENT34
00000022   _EVENT34
00000023   EVENT35
00000023   _EVENT35
00000024   EVENT36
00000024   _EVENT36
00000025   EVENT37
00000025   _EVENT37
00000026   EVENT38
00000026   _EVENT38
00000027   EVENT39
00000027   _EVENT39
00000028   EVENT40
00000028   _EVENT40
00000029   EVENT41
00000029   _EVENT41
0000002a   EVENT42
0000002a   _EVENT42
0000002b   EVENT43
0000002b   _EVENT43
0000002c   EVENT44
0000002c   _EVENT44
0000002d   EVENT45
0000002d   _EVENT45
0000002e   EVENT46
0000002e   _EVENT46
0000002f   EVENT47
0000002f   _EVENT47
00000030   EVENT48
00000030   _EVENT48
00000031   EVENT49
00000031   _EVENT49
00000032   EVENT50
00000032   _EVENT50
00000033   EVENT51
00000033   _EVENT51
00000034   EVENT52
00000034   _EVENT52
00000035   EVENT53
00000035   _EVENT53
00000036   EVENT54
00000036   _EVENT54
00000037   EVENT55
00000037   _EVENT55
00000038   EVENT56
00000038   _EVENT56
00000039   EVENT57
00000039   _EVENT57
0000003a   EVENT58
0000003a   _EVENT58
0000003b   EVENT59
0000003b   _EVENT59
0000003c   EVENT60
0000003c   _EVENT60
0000003d   EVENT61
0000003d   _EVENT61
0000003e   EVENT62
0000003e   GBL_DSPTYPE
0000003e   _EVENT62
0000003f   EVENT63
0000003f   _EVENT63
00000040   EVENT64
00000040   LOG_system$size
00000040   _EVENT64
00000041   EVENT65
00000041   _EVENT65
00000042   EVENT66
00000042   GBL_FOOTPRINT
00000042   _EVENT66
00000043   EVENT67
00000043   _EVENT67
00000044   EVENT68
00000044   _EVENT68
00000045   EVENT69
00000045   _EVENT69
00000046   EVENT70
00000046   _EVENT70
00000047   EVENT71
00000047   _EVENT71
00000048   EVENT72
00000048   _EVENT72
00000049   EVENT73
00000049   _EVENT73
0000004a   EVENT74
0000004a   _EVENT74
0000004b   EVENT75
0000004b   _EVENT75
0000004c   EVENT76
0000004c   _EVENT76
0000004d   EVENT77
0000004d   _EVENT77
0000004e   EVENT78
0000004e   _EVENT78
0000004f   EVENT79
0000004f   _EVENT79
00000050   EVENT80
00000050   _EVENT80
00000051   EVENT81
00000051   _EVENT81
00000052   EVENT82
00000052   _EVENT82
00000053   EVENT83
00000053   _EVENT83
00000054   EVENT84
00000054   _EVENT84
00000055   EVENT85
00000055   _EVENT85
00000056   EVENT86
00000056   _EVENT86
00000057   EVENT87
00000057   _EVENT87
00000058   EVENT88
00000058   _EVENT88
00000059   EVENT89
00000059   _EVENT89
0000005a   EVENT90
0000005a   _EVENT90
0000005b   EVENT91
0000005b   _EVENT91
0000005c   EVENT92
0000005c   _EVENT92
0000005d   EVENT93
0000005d   _EVENT93
0000005e   EVENT94
0000005e   _EVENT94
0000005f   EVENT95
0000005f   _EVENT95
00000060   EVENT96
00000060   _EVENT96
00000061   EVENT97
00000061   _EVENT97
00000062   EVENT98
00000062   _EVENT98
00000063   EVENT99
00000063   _EVENT99
00000064   EVENT100
00000064   PIP_OBJSIZE
00000064   _EVENT100
00000065   EVENT101
00000065   _EVENT101
00000066   EVENT102
00000066   _EVENT102
00000067   EVENT103
00000067   _EVENT103
00000068   EVENT104
00000068   _EVENT104
00000069   EVENT105
00000069   _EVENT105
0000006a   EVENT106
0000006a   _EVENT106
0000006b   EVENT107
0000006b   _EVENT107
0000006c   EVENT108
0000006c   _EVENT108
0000006d   EVENT109
0000006d   _EVENT109
0000006e   EVENT110
0000006e   _EVENT110
0000006f   EVENT111
0000006f   _EVENT111
00000070   EVENT112
00000070   _EVENT112
00000071   EVENT113
00000071   _EVENT113
00000072   EVENT114
00000072   _EVENT114
00000073   EVENT115
00000073   _EVENT115
00000074   EVENT116
00000074   _EVENT116
00000075   EVENT117
00000075   _EVENT117
00000076   EVENT118
00000076   _EVENT118
00000077   EVENT119
00000077   _EVENT119
00000078   EVENT120
00000078   _EVENT120
00000079   EVENT121
00000079   _EVENT121
0000007a   EVENT122
0000007a   _EVENT122
0000007b   EVENT123
0000007b   _EVENT123
0000007c   EVENT124
0000007c   _EVENT124
0000007d   EVENT125
0000007d   _EVENT125
0000007e   EVENT126
0000007e   _EVENT126
0000007f   EVENT127
0000007f   _EVENT127
00000080   GBL_L2MAR128_159
00000100   HST_MAXFRAMEALLOWED
000003e8   CLK_MICROSECS
00000400   HST_DSMMEMSIZE
00000400   TSK_STACKSIZE
00000408   RTDX_BUFMEMSIZE
00000d66   GBL_CLKTYPE
00001000   __STACK_SIZE
00001963   GBL_DSPSUBTYPE
00004000   CLK_INTBIT
00004000   GBL_TRCMASKVALUE
00004000   HWI_CFGDISPATCHED
00004000   _HWI_CFGDISPATCHED
00004b00   CLK_INPUTCLK
00004b00   CLK_PRD
00004b00   _CLK_PRD
00004e20   GBL_CLKIN
00005205   GBL_A_VERSION
00020000   DDR2$L
00020000   _DDR2_length
00050910   CLK_COUNTSPMS
00050910   CLK_HTIMEPERLTIME
00050910   CLK_LTIMEMULT
00050910   GBL_FREQ
00050910   _CLK_COUNTSPMS
07060504   HWI_INTRMUX1
0a0a0908   HWI_INTRMUX2
34330d0b   HWI_INTRMUX3
48002000   __PWRM_SCM_BASEADDR
48004000   __PWRM_CM_BASEADDR
48306000   __PWRM_PRM_BASEADDR
49038000   CLK_REGS
49038000   _CLK_REGS
49038000   _CLK_gptimer
5d000000   __PWRM_IVAMMU_BASEADDR
87e00080   .data
87e00080   DDR2$B
87e00080   HST_A_TABBEG
87e00080   HST_A_TABEND
87e00080   PIP_A_TABBEG
87e00080   PIP_A_TABEND
87e00080   PRD_A_TABBEG
87e00080   PRD_A_TABEND
87e00080   _DDR2_base
87e00080   _HST_A_TABBEG
87e00080   _HST_A_TABEND
87e00080   _PIP_A_TABBEG
87e00080   _PIP_A_TABEND
87e00080   ___data__
87e00080   ___edata__
87e00080   edata
87e20080   .text
87e20080   ___text__
87e202a8   _RingIO_init
87e20498   _RingIO_exit
87e20548   __RingIO_writerAcquire
87e20aa8   __RingIO_readerAcquire
87e21198   __RingIO_writerRelease
87e2142c   __RingIO_readerRelease
87e217fc   __RingIO_writerSetvAttribute
87e21cec   __RingIO_readerGetvAttribute
87e221c0   __RingIO_writerFlush
87e229b8   __RingIO_readerFlush
87e231d0   __RingIO_writerCancel
87e23670   __RingIO_readerCancel
87e23834   __RingIO_callNotifier
87e23b20   __RingIO_checkNotifier
87e23d34   __RingIO_initInstance
87e23f00   __RingIO_getFirstAcquiredAttr
87e24060   __RingIO_getFirstAttr
87e2421c   __RingIO_releaseAttribute
87e24474   __RingIO_getContiguousDataSize
87e24744   __RingIO_updateAttributes
87e24a40   __RingIO_invalidateDataBuffer
87e24cdc   _IPS_init
87e24fac   _IPS_exit
87e25124   _IPS_register
87e2569c   _IPS_unregister
87e25bd0   _IPS_notify
87e26418   _IPS_setReserved
87e264b8   _IPS_clearReserved
87e26558   _IPS_isNotReserved
87e2664c   _MPCS_create
87e26de4   _MPCS_delete
87e273c0   _MPCS_open
87e27524   _MPCS_close
87e27648   _MPCS_enter
87e278ec   _MPCS_leave
87e27b44   _Task_create
87e27cc8   _canny_dsp
87e27db4   _gaussian_smooth
87e28330   _make_gaussian_kernel
87e2874c   _Task_execute
87e287ec   _Task_delete
87e28920   _pow
87e29344   _SMAPOOL_init
87e29368   _SMAPOOL_open
87e294f0   _SMAPOOL_alloc
87e298d8   _SMAPOOL_free
87e29d1c   __DSPLINK_init
87e2a428   _POOL_open
87e2a520   __divd
87e2ad6c   _MPCS_init
87e2af50   _MPCS_exit
87e2afe0   __MPCS_open
87e2b440   _NOTIFY_register
87e2b5fc   _NOTIFY_unregister
87e2b828   _NOTIFY_notify
87e2b960   __divf
87e2be60   __addf
87e2c1cc   _MPLIST_init
87e2c3b0   _MPLIST_exit
87e2c440   __mpyd
87e2c6a0   _sqrt
87e2c900   __addd
87e2cb40   __frcaddd
87e2cd60   __frcmpyd_div
87e2cf60   __mpyf
87e2d160   _ldexp
87e2d340   _HAL_intInit
87e2d3b8   _HAL_intRegister
87e2d500   _frexp
87e2d6a0   _HAL_intEnable
87e2d6e8   _HAL_intDisable
87e2d730   _HAL_intWaitClear
87e2d770   _HAL_intSend
87e2d790   _HAL_intClear
87e2d820   _DSPLINKIPS_init
87e2d980   _main
87e2db0c   _NOTIFY_init
87e2dc20   _SHMDRV_init
87e2dc88   _SHMDRV_handshake
87e2dd40   __frcmpyd
87e2de60   _DSPLINK_init
87e2df60   __nround
87e2e060   __cmpd
87e2e140   _atoi
87e2e220   _exit
87e2e300   _memset
87e2e3e0   _DSPLINKPOOL_init
87e2e4a0   __divu
87e2e560   _modf
87e2e6e0   _SetReason
87e2e7a0   _DSPLINKDATA_init
87e2e840   _DSPLINKMQT_init
87e2e8e0   __cvtdf
87e2e980   __frcmpyf_div
87e2ea20   __remu
87e2eac0   _memcpy
87e2eb60   _strncpy
87e2ec00   __cmpf
87e2ec80   __fixdi
87e2ed00   __fixfu
87e2ed80   __renormd
87e2ee00   __cvtfd
87e2ee60   __fltid
87e2eec0   __fltif
87e2ef20   __frcmpyf
87e2ef80   _ceil
87e2efe0   _strcpy
87e2f040   _strncmp
87e2f140   __fltuf
87e2f180   __negd
87e2f1c0   __subd
87e2f240   _HAL_init
87e2f274   _HAL_exit
87e2f360   __nop
87e2f380   __register_lock
87e2f3a0   __register_unlock
87e2f3c0   __trunc
87e2f3e0   C$$EXIT
87e2f3e0   _abort
87e2f400   _EXC_nmi
87e2f400   ___etext__
87e2f400   etext
87e2f434   _EXC_internal
87e2f6e0   _EXC_init
87e2f720   _EXC_getLastStatus
87e2f740   _EXC_external
87e2f774   _EXC_exceptionHandler
87e2f8f0   _EXC_clearLastStatus
87e2f920   CLK_HOOKFXN
87e2f920   HWI_F_dispatch
87e2f920   _HWI_F_dispatch
87e2f920   __HWI_lat1beg
87e2faa8   __HWI_lat1end
87e2faa8   __HWI_lat2beg
87e2fc10   __HWI_lat2end2
87e2fc40   __HWI_lat3end2
87e2fc84   __HWI_lat2end1
87e2fca0   __HWI_lat3beg
87e2fe00   SWI_F_enable
87e2fe00   __SWI_lat3beg
87e2fe6c   __SWI_lat3end
87e2fe70   SWI_F_post
87e2fe70   _SWI_post
87e2ff78   __SWI_lat1beg
87e2ffe4   SWI_EXECFXN
87e2ffe4   SWI_F_exec
87e3000c   SWI_F_iexec
87e30024   __SWI_lat1end
87e30028   __SWI_lat2beg
87e30088   __SWI_lat2end
87e3008c   SWI_F_run
87e3008c   SWI_RUNFXN
87e302c0   PRD_F_swi
87e30544   PRD_F_tick
87e30640   _TSK_create
87e30980   _free
87e309a8   _malloc
87e30a0c   _realloc
87e30ad8   _memalign
87e30bb8   _calloc
87e30c20   _KNL_run
87e30e60   _SEM_pendEnterKnl
87e31060   _CLK_stop
87e310c4   _CLK_start
87e31260   _MEM_alloc
87e31440   _C62_plug
87e31440   _C64_plug
87e31448   _C62_dispatchPlug
87e31448   _C64_dispatchPlug
87e31620   _EXC_dispatch
87e317e4   _EXC_setReturnPtr
87e319cc   PRD_THOOKFXN
87e319cc   _KNL_tick
87e319e0   _MEM_free
87e31ba0   __SEM_dopost
87e31d60   CLK_F_getltime
87e31d70   CLK_F_isr
87e31ec0   CLK_F_itime
87e31ec0   _CLK_F_itime
87e31ec0   _CLK_itime
87e31edc   __CLK_lat1beg
87e31f00   __CLK_lat1end
87e31f20   _TSK_setup
87e320c0   _KNL_saveIsrFrame
87e3216c   _KNL_switch
87e32218   KNL_glue
87e32240   __auto_init
87e32380   _KNL_ready
87e324c0   _TSK_exit
87e32600   _BCACHE_setSize
87e32644   _BCACHE_setMar
87e32694   _BCACHE_bootInit
87e32694   _BCACHE_setCacheToSram
87e326c4   _BCACHE_getSize
87e32714   _BCACHE_getMar
87e3276c   _CLK_reconfig
87e328e4   _GBL_cacheInit64P
87e329a0   _KNL_check
87e329ec   __KNL_lat1beg
87e32a68   _KNL_idle
87e32a68   __KNL_lat1end
87e32a90   _KNL_max
87e32b64   _TSK_startup
87e32cac   _BCACHE_wbInv
87e32cc0   _BCACHE_wb
87e32cd0   _BCACHE_inv
87e32ce0   _SEM_post
87e32ce0   _SEM_postBinary
87e32dc0   _KNL_exit
87e32e00   _KNL_enter
87e32e80   _KNL_start
87e32f20   _SEM_postEnterKnl
87e32fc0   _SYS_exit
87e33060   _HWI_dispatchPlug
87e330e0   _HWI_eventMap
87e33160   _KNL_ipost
87e331e0   _KNL_post
87e33260   _LCK_post
87e33280   _LCK_pend
87e332e0   LOG_F_event
87e332e0   _LOG_event
87e332e0   __LOG_lat1beg
87e33360   _OBJ_create
87e3342c   _BCACHE_wbInvAll
87e33440   _BCACHE_wbAll
87e33450   _BCACHE_invL1pAll
87e33460   _BCACHE_wait
87e334e0   _MEM_valloc
87e33540   _SYS_error
87e335a0   FXN_F_nop
87e335a4   FXN_F_run
87e335a4   _FXN_F_run
87e335e0   FXN_F_zero
87e335e0   _FXN_F_zero
87e33600   _HWI_disable
87e33618   _HWI_enable
87e3362c   _HWI_restore
87e33660   _OBJ_delete
87e336c0   _SEM_pend
87e33720   STS_F_delta
87e33720   _STS_delta
87e3374c   STS_F_add
87e3374c   _STS_add
87e33768   STS_F_reset
87e33768   _STS_reset
87e33780   _SWI_disable
87e337a4   _SWI_enable
87e337e0   _SYS_abort
87e33840   SYS_PUTCFXN
87e33840   _UTL_doPutc
87e338a0   _C62_disableIER
87e338a0   _C64_disableIER
87e338b8   _C62_enableIER
87e338b8   _C64_enableIER
87e338cc   _C62_clearIFR
87e338cc   _C64_clearIFR
87e338e0   _QUE_get
87e338e0   __QUE_lat1beg
87e33900   __QUE_lat1end
87e33908   _QUE_put
87e33908   __QUE_lat2beg
87e33914   __QUE_lat2end
87e33920   SYS_ABORTFXN
87e33920   _UTL_doAbort
87e33960   GBL_USERINITFXN
87e33960   GIO_CREATEFXN
87e33960   GIO_DELETEFXN
87e33960   GIO_PENDFXN
87e33960   GIO_POSTFXN
87e33960   PWRM_PWRM_SHAREDRESOURCEFXN
87e33960   PWRM_PWRM_SLOTHOOKFXN
87e33960   TSK_VCREATEFXN
87e33960   TSK_VDELETEFXN
87e33960   TSK_VEXITFXN
87e33960   _FXN_F_nop
87e33980   _GBL_getVersion
87e339a0   _HOOK_setenv
87e339c0   IDL_F_loop
87e339c0   _IDL_loop
87e339e0   _STS_set
87e33a00   SYS_ERRORFXN
87e33a00   _UTL_doError
87e33a20   SYS_EXITFXN
87e33a20   _UTL_halt
87e33a40   CLK_TIMEFXN
87e33a40   _CLK_gethtime
87e33a60   GBL_stackbeg
87e33a60   _HWI_STKTOP
87e33a60   __stack
87e34a58   _HWI_STKBOTTOM
87e34a5f   GBL_stackend
87e34a60   ___cinit__
87e34a60   cinit
87e357a4   IDL_A_TABBEG
87e357a4   IDL_END
87e35940   __ctypes_
87e35e80   _SMAPOOL_FXNS
87e35e95   KNL_swi$sts$maxfmt
87e35e98   CLK_A_TABBEG
87e35e98   PRD_clock
87e35e98   _PRD_clock
87e35e9c   CLK_null
87e35e9d   KNL_swi$sts$sumfmt
87e35ea0   BIOS_init
87e35ea0   _BIOS_init
87e35ea5   KNL_swi$sts$avgfmt
87e36108   BIOS_start
87e36108   _BIOS_start
87e361a0   _POOL_init
87e362c0   _c_int00
87e36380   _MEM_init
87e36420   _TSK_init
87e36480   _OBJ_init
87e366e0   _KNL_queues
87e36780   _KNL_dummy
87e367b8   _DSPLINKPOOL_ctrlPtr
87e36838   _TSK_ATTRS
87e36854   _TSK_config
87e36874   _TSK_timerSem
87e36894   __BCACHE_emifAddr
87e36898   _OBJ_table
87e368d0   _OBJ_segtab
87e368ec   __TSK_mutex
87e36914   __MEM_mutex
87e3693c   _CLK_inputClock
87e36940   _SYS_exitStack
87e36960   _SamplePoolParams
87e36968   _pool_notify_Pools
87e36978   _POOL_config
87e36994   _EXC_status
87e369b4   _FAIL_Set
87e369b8   _FAIL_File
87e369bc   _FAIL_Line
87e369c0   _FAIL_Code
87e369c4   _HWI_ATTRS
87e369dc   __BCACHE_readTable
87e369e8   __cleanup_ptr
87e369ec   __dtors_ptr
87e369f0   ___TI_enable_exit_profile_output
87e369f4   _buf
87e369f8   _length
87e36a00   _MPCSXFER_BufferSize
87e36a04   _MPCSXFER_NumIterations
87e36a08   _MPCS_ctrlPtr
87e36a0c   _MPCS_csObj
87e36a10   _MPLIST_ctrlPtr
87e36a14   _MPLIST_mpcsObj
87e36a18   _NOTIFY_ctrlPtr
87e36a1c   _NOTIFY_numIps
87e36a20   _RingIO_ctrlPtr
87e36a24   _RingIO_mpcsObj
87e36a28   __lock
87e36a2c   __unlock
87e36a44   _DSPLINKDATA_ctrlPtr
87e36a4c   _DSPLINKMQT_ctrlPtr
87e36a50   _CLK_gptimer_enablemask
87e36a54   _errno
87e36a5c   IDL_A_CALBEG
87e36a5c   IDL_END$
87e36a60   TSK_idle$stack
87e36df8   TSK_idle$stkptr
87e36e60   $bss
87e36e60   .bss
87e36e60   _HWI_dispatchTab
87e36e60   ___bss__
87e36f60   IDL_D_tabbeg
87e36f64   IDL_D_calibrate
87e36f68   IDL_D_calbeg
87e36f6c   LOG_D_system
87e36f6c   _LOG_D_system
87e36f70   PIP_D_tabbeg
87e36f74   PIP_D_tablen
87e36f78   CLK_R_time
87e36f7c   CLK_D_timefxn
87e36f80   CLK_D_tabbeg
87e36f84   CLK_D_isrhook
87e36f88   CLK_D_idletime
87e36f8c   _CLK_htimeDiv
87e36f90   _CLK_htimeMult
87e36f94   _CLK_ltimeDiv
87e36f98   _CLK_ltimeMult
87e36f9c   _CLK_D_dirty
87e36fa0   _CLK_D_prd
87e36fa4   _CLK_D_tddr
87e36fa8   _CLK_D_countspms
87e36fac   PRD_D_tick
87e36fac   _PRD_D_tick
87e36fb0   PRD_D_cur
87e36fb4   PRD_D_elapsed
87e36fb8   PRD_D_prevtim
87e36fbc   PRD_D_scalar
87e36fc0   PRD_D_swihandle
87e36fc4   PRD_D_tabbeg
87e36fc8   PRD_D_tablen
87e36fcc   PRD_D_thook
87e36fd0   RTA_D_fromHost
87e36fd4   RTA_D_toHost
87e36fd8   RTA_D_logval
87e36fe8   RTA_D_stsval
87e36ff4   HST_D_chanmask
87e36ff8   HST_D_tabbeg
87e36ffc   HST_D_tabend
87e37000   _GBL_procId
87e37004   _GBL_clkIn
87e37008   _GBL_freq
87e3700c   _MEM_D_NUMSEGMENTS
87e37010   _MEM_D_memtab
87e37014   _MEM_D_freelist
87e37018   _MEM_D_lockaddr
87e3701c   _MEM_D_unlockaddr
87e37020   _SYS
87e37024   __HOOK_knlId
87e37028   __HOOK_NUMHOOKS
87e3702c   SWI_D_runaddr
87e3702c   _SWI_D_runaddr
87e3702c   _SWI_data
87e37030   SWI_D_execaddr
87e37030   _SWI_D_execaddr
87e37034   SWI_D_curmask
87e37034   _SWI_D_curmask
87e37038   SWI_D_curset
87e37038   _SWI_D_curset
87e3703c   SWI_D_lock
87e3703c   _SWI_D_lock
87e37040   SWI_D_curmbox
87e37044   SWI_D_curfxn
87e37044   _SWI_D_curfxn
87e37048   SWI_D_rdybeg
87e37048   _SWI_D_rdybeg
87e3704c   SWI_D_inswi
87e3704c   _SWI_D_inswi
87e37050   SWI_D_rdytab
87e370c8   _KNL_wFlag
87e370cc   _KNL_wList
87e370d0   _KNL_alarm
87e370d4   _KNL_setpri
87e370d8   _KNL_inactive
87e370dc   _KNL_priority
87e370e0   _KNL_set
87e370e4   _KNL_curtask
87e370e8   _KNL_prevtask
87e370ec   _KNL_curtime
87e370f0   _KNL_swiptr
87e370f4   _KNL_curqueue
87e370f8   _KNL_maxqueue
87e370fc   _KNL_tswitchfxn
87e37100   _KNL_tcreatefxn
87e37104   _KNL_tdeletefxn
87e37108   _KNL_treadyfxn
87e3710c   _KNL_idlefxn
87e37110   _EXC_sysTrapTable
87e37118   _EXC_returnPtr
87e37130   HWI_D_spsave
87e37130   _HWI_D_spsave
87e37130   _HWI_data
87e3713c   _HWI_D_inhwi
87e37140   HWI_D_bss
87e37144   HWI_D_ccmask
87e37148   _EXC_exceptionHook
87e3714c   _EXC_internalHook
87e37150   _EXC_externalHook
87e37154   _EXC_nmiHook
87e37158   _MEM_memtab
87e37164   DDR2
87e37164   HST_DSMBUFSEG
87e37164   MEM_MALLOCSEG
87e37164   MEM_SEGZERO
87e37164   RTDX_DATAMEMSEG
87e37164   TSK_STACKSEG
87e37164   _DDR2
87e37168   _TSK_nTasks
87e3716c   _TSK_pid
87e37170   _TSK
87e37174   _CLK_DFLTMICROSECS
87e37178   _CLK_D_microseconds
87e3717c   _SYS_exitStackPtr
87e37180   _SYS_exitStackTop
87e37184   _CLK_htimePerLtime
87e3718c   _MEM
87e37190   _POOL
87e37196   ___end__
87e37196   end
87e37198   _SYS_PUTCBEG
87e37397   _SYS_PUTCEND
87e373a4   TSK_idle
87e373a4   _TSK_idle
87e37400   HWI_A_VECS
87e37400   hwi0
87e37420   hwi1
87e37440   hwi2
87e37460   hwi3
87e37480   hwi4
87e374a0   hwi5
87e374c0   hwi6
87e374e0   hwi7
87e37500   hwi8
87e37520   hwi9
87e37540   hwi10
87e37560   hwi11
87e37580   hwi12
87e375a0   hwi13
87e375c0   hwi14
87e375e0   hwi15
87e37600   LOG_system$buf
87e37700   _DSPLINK_shmBaseAddress
87e37708   _DSPLINK_shmBaseAddress_pad
87e377d4   KNL_swi
87e377d4   SWI_A_TABBEG
87e377d4   _KNL_swi
87e37800   SWI_A_TABEND
87e37800   trace$buf
87e378b4   LOG_A_TABBEG
87e378b4   LOG_system
87e378b4   _LOG_A_TABBEG
87e378b4   _LOG_system
87e378cc   _trace
87e378cc   trace
87e378e4   LOG_A_TABEND
87e378e4   _LOG_A_TABEND
87e378f8   KNL_swi$sts$stsobj
87e378f8   STS_A_TABBEG
87e378f8   _STS_A_TABBEG
87e378fc   KNL_swi$sts
87e37908   STS_A_TABEND
87e37908   SYS$config
87e37908   _STS_A_TABEND
87e37918   TRC_cinit
87e3791c   TRC_R_mask
87e3791c   _TRC_R_mask
87e37920   GBL_initdone
ffffffff   CACHE_L1D
ffffffff   CACHE_L1P
ffffffff   CACHE_L2
ffffffff   DSPLINKMEM
ffffffff   ECM_EVTMASK0
ffffffff   ECM_EVTMASK1
ffffffff   ECM_EVTMASK2
ffffffff   ECM_EVTMASK3
ffffffff   IRAM
ffffffff   L1DSRAM
ffffffff   POOLMEM
ffffffff   RESET_VECTOR
ffffffff   _CACHE_L1D
ffffffff   _CACHE_L1P
ffffffff   _CACHE_L2
ffffffff   _DSPLINKMEM
ffffffff   _IRAM
ffffffff   _L1DSRAM
ffffffff   _POOLMEM
ffffffff   _RESET_VECTOR
ffffffff   ___TI_pprof_out_hndl
ffffffff   ___TI_prof_data_size
ffffffff   ___TI_prof_data_start
ffffffff   ___binit__
ffffffff   ___c_args__
ffffffff   ___pinit__
ffffffff   binit
ffffffff   pinit

[1065 symbols]
